Archive member included because of file (symbol)

/usr/lib/gcc/avr/4.8.1/../../../avr/lib/avrxmega2/libm.a(addsf3.o)
                              build/main.o (__subsf3)
/usr/lib/gcc/avr/4.8.1/../../../avr/lib/avrxmega2/libm.a(addsf3x.o)
                              /usr/lib/gcc/avr/4.8.1/../../../avr/lib/avrxmega2/libm.a(addsf3.o) (__addsf3x)
/usr/lib/gcc/avr/4.8.1/../../../avr/lib/avrxmega2/libm.a(cmpsf2.o)
                              build/gpa_pid.o (__nesf2)
/usr/lib/gcc/avr/4.8.1/../../../avr/lib/avrxmega2/libm.a(cos.o)
                              build/main.o (cos)
/usr/lib/gcc/avr/4.8.1/../../../avr/lib/avrxmega2/libm.a(divsf3.o)
                              build/gpa_pid.o (__divsf3)
/usr/lib/gcc/avr/4.8.1/../../../avr/lib/avrxmega2/libm.a(divsf3x.o)
                              /usr/lib/gcc/avr/4.8.1/../../../avr/lib/avrxmega2/libm.a(divsf3.o) (__divsf3x)
/usr/lib/gcc/avr/4.8.1/../../../avr/lib/avrxmega2/libm.a(fixunssfsi.o)
                              build/vl53l0x.o (__fixunssfsi)
/usr/lib/gcc/avr/4.8.1/../../../avr/lib/avrxmega2/libm.a(floatsisf.o)
                              build/main.o (__floatunsisf)
/usr/lib/gcc/avr/4.8.1/../../../avr/lib/avrxmega2/libm.a(fp_cmp.o)
                              /usr/lib/gcc/avr/4.8.1/../../../avr/lib/avrxmega2/libm.a(cmpsf2.o) (__fp_cmp)
/usr/lib/gcc/avr/4.8.1/../../../avr/lib/avrxmega2/libm.a(fp_inf.o)
                              /usr/lib/gcc/avr/4.8.1/../../../avr/lib/avrxmega2/libm.a(addsf3x.o) (__fp_inf)
/usr/lib/gcc/avr/4.8.1/../../../avr/lib/avrxmega2/libm.a(fp_nan.o)
                              /usr/lib/gcc/avr/4.8.1/../../../avr/lib/avrxmega2/libm.a(addsf3x.o) (__fp_nan)
/usr/lib/gcc/avr/4.8.1/../../../avr/lib/avrxmega2/libm.a(fp_pscA.o)
                              /usr/lib/gcc/avr/4.8.1/../../../avr/lib/avrxmega2/libm.a(addsf3x.o) (__fp_pscA)
/usr/lib/gcc/avr/4.8.1/../../../avr/lib/avrxmega2/libm.a(fp_pscB.o)
                              /usr/lib/gcc/avr/4.8.1/../../../avr/lib/avrxmega2/libm.a(addsf3x.o) (__fp_pscB)
/usr/lib/gcc/avr/4.8.1/../../../avr/lib/avrxmega2/libm.a(fp_rempio2.o)
                              /usr/lib/gcc/avr/4.8.1/../../../avr/lib/avrxmega2/libm.a(cos.o) (__fp_rempio2)
/usr/lib/gcc/avr/4.8.1/../../../avr/lib/avrxmega2/libm.a(fp_round.o)
                              /usr/lib/gcc/avr/4.8.1/../../../avr/lib/avrxmega2/libm.a(addsf3.o) (__fp_round)
/usr/lib/gcc/avr/4.8.1/../../../avr/lib/avrxmega2/libm.a(fp_sinus.o)
                              /usr/lib/gcc/avr/4.8.1/../../../avr/lib/avrxmega2/libm.a(cos.o) (__fp_sinus)
/usr/lib/gcc/avr/4.8.1/../../../avr/lib/avrxmega2/libm.a(fp_split3.o)
                              /usr/lib/gcc/avr/4.8.1/../../../avr/lib/avrxmega2/libm.a(addsf3x.o) (__fp_split3)
/usr/lib/gcc/avr/4.8.1/../../../avr/lib/avrxmega2/libm.a(fp_zero.o)
                              /usr/lib/gcc/avr/4.8.1/../../../avr/lib/avrxmega2/libm.a(addsf3x.o) (__fp_zero)
/usr/lib/gcc/avr/4.8.1/../../../avr/lib/avrxmega2/libm.a(gesf2.o)
                              build/gpa_pid.o (__gesf2)
/usr/lib/gcc/avr/4.8.1/../../../avr/lib/avrxmega2/libm.a(mulsf3.o)
                              build/vl53l0x.o (__mulsf3)
/usr/lib/gcc/avr/4.8.1/../../../avr/lib/avrxmega2/libm.a(mulsf3x.o)
                              /usr/lib/gcc/avr/4.8.1/../../../avr/lib/avrxmega2/libm.a(mulsf3.o) (__mulsf3x)
/usr/lib/gcc/avr/4.8.1/../../../avr/lib/avrxmega2/libm.a(sin.o)
                              build/main.o (sin)
/usr/lib/gcc/avr/4.8.1/../../../avr/lib/avrxmega2/libm.a(fp_mpack.o)
                              /usr/lib/gcc/avr/4.8.1/../../../avr/lib/avrxmega2/libm.a(fp_rempio2.o) (__fp_mpack_finite)
/usr/lib/gcc/avr/4.8.1/../../../avr/lib/avrxmega2/libm.a(fp_powsodd.o)
                              /usr/lib/gcc/avr/4.8.1/../../../avr/lib/avrxmega2/libm.a(fp_sinus.o) (__fp_powsodd)
/usr/lib/gcc/avr/4.8.1/../../../avr/lib/avrxmega2/libm.a(fp_powser.o)
                              /usr/lib/gcc/avr/4.8.1/../../../avr/lib/avrxmega2/libm.a(fp_powsodd.o) (__fp_powser)
/usr/lib/gcc/avr/4.8.1/avrxmega2/libgcc.a(_udivmodsi4.o)
                              build/vl53l0x.o (__udivmodsi4)
/usr/lib/gcc/avr/4.8.1/avrxmega2/libgcc.a(_exit.o)
                              /usr/lib/gcc/avr/4.8.1/../../../avr/lib/avrxmega2/crtx16a4u.o (exit)
/usr/lib/gcc/avr/4.8.1/avrxmega2/libgcc.a(_copy_data.o)
                              build/gpa_twi_xmega.o (__do_copy_data)
/usr/lib/gcc/avr/4.8.1/avrxmega2/libgcc.a(_clear_bss.o)
                              build/gpa_twi_xmega.o (__do_clear_bss)
/usr/lib/gcc/avr/4.8.1/avrxmega2/libgcc.a(_muluhisi3.o)
                              build/vl53l0x.o (__muluhisi3)
/usr/lib/gcc/avr/4.8.1/avrxmega2/libgcc.a(_umulhisi3.o)
                              /usr/lib/gcc/avr/4.8.1/avrxmega2/libgcc.a(_muluhisi3.o) (__umulhisi3)
/usr/lib/gcc/avr/4.8.1/../../../avr/lib/avrxmega2/libc.a(itoa.o)
                              build/main.o (__itoa)
/usr/lib/gcc/avr/4.8.1/../../../avr/lib/avrxmega2/libc.a(itoa_ncheck.o)
[...]
Memory Configuration

Name             Origin             Length             Attributes
text             0x0000000000000000 0x0000000000100000 xr
data             0x0000000000802000 0x000000000000ffa0 rw !x
eeprom           0x0000000000810000 0x0000000000010000 rw !x
fuse             0x0000000000820000 0x0000000000000400 rw !x
lock             0x0000000000830000 0x0000000000000400 rw !x
signature        0x0000000000840000 0x0000000000000400 rw !x
user_signatures  0x0000000000850000 0x0000000000000400 rw !x
*default*        0x0000000000000000 0xffffffffffffffff

Linker script and memory map

LOAD /usr/lib/gcc/avr/4.8.1/../../../avr/lib/avrxmega2/crtx16a4u.o
LOAD build/gpa_twi_xmega.o
LOAD build/gpa_sonar_stereo.o
LOAD build/vl53l0x.o
LOAD build/gpa_start.o
LOAD build/task_os.o
LOAD build/gpa_pca9534.o
LOAD build/main.o
LOAD build/gpa_pca9553.o
LOAD build/gpa_adc_freerun.o
LOAD build/motors.o
LOAD build/gpa_pid.o
LOAD build/gpa_rc5.o
LOAD build/adc.o
LOAD /usr/lib/gcc/avr/4.8.1/../../../avr/lib/avrxmega2/libm.a
LOAD /usr/lib/gcc/avr/4.8.1/avrxmega2/libgcc.a
LOAD /usr/lib/gcc/avr/4.8.1/../../../avr/lib/avrxmega2/libm.a
START GROUP
LOAD /usr/lib/gcc/avr/4.8.1/avrxmega2/libgcc.a
LOAD /usr/lib/gcc/avr/4.8.1/../../../avr/lib/avrxmega2/libm.a
LOAD /usr/lib/gcc/avr/4.8.1/../../../avr/lib/avrxmega2/libc.a
END GROUP

.hash
 *(.hash)

.dynsym
 *(.dynsym)

.dynstr
 *(.dynstr)

.gnu.version
 *(.gnu.version)

.gnu.version_d
 *(.gnu.version_d)

.gnu.version_r
 *(.gnu.version_r)

.rel.init
 *(.rel.init)

.rela.init
 *(.rela.init)

.rel.text
 *(.rel.text)
 *(.rel.text.*)
 *(.rel.gnu.linkonce.t*)

.rela.text
 *(.rela.text)
 *(.rela.text.*)
 *(.rela.gnu.linkonce.t*)

.rel.fini
 *(.rel.fini)

.rela.fini
 *(.rela.fini)

.rel.rodata
 *(.rel.rodata)
 *(.rel.rodata.*)
 *(.rel.gnu.linkonce.r*)

.rela.rodata
 *(.rela.rodata)
 *(.rela.rodata.*)
 *(.rela.gnu.linkonce.r*)

.rel.data
 *(.rel.data)
 *(.rel.data.*)
 *(.rel.gnu.linkonce.d*)

.rela.data
 *(.rela.data)
 *(.rela.data.*)
 *(.rela.gnu.linkonce.d*)

.rel.ctors
 *(.rel.ctors)

.rela.ctors
 *(.rela.ctors)

.rel.dtors
 *(.rel.dtors)

.rela.dtors
 *(.rela.dtors)

.rel.got
 *(.rel.got)

.rela.got
 *(.rela.got)

.rel.bss
 *(.rel.bss)

.rela.bss
 *(.rela.bss)

.rel.plt
 *(.rel.plt)

.rela.plt
 *(.rela.plt)

.text           0x0000000000000000     0x1e3c
 *(.vectors)
 .vectors       0x0000000000000000      0x1fc /usr/lib/gcc/avr/4.8.1/../../../avr/lib/avrxmega2/crtx16a4u.o
                0x0000000000000000                __vectors
                0x0000000000000000                __vector_default
 *(.vectors)
 *(.progmem.gcc*)
 .progmem.gcc_fplib
                0x00000000000001fc       0x1e /usr/lib/gcc/avr/4.8.1/../../../avr/lib/avrxmega2/libm.a(fp_sinus.o)
                0x000000000000021a                . = ALIGN (0x2)
                0x000000000000021a                __trampolines_start = .
 *(.trampolines)
 .trampolines   0x000000000000021a        0x0 linker stubs
 *(.trampolines*)
                0x000000000000021a                __trampolines_end = .
 *(.progmem*)
                0x000000000000021a                . = ALIGN (0x2)
 *(.jumptables)
 *(.jumptables*)
 *(.lowtext)
 *(.lowtext*)
                0x000000000000021a                __ctors_start = .
 *(.ctors)
                0x000000000000021a                __ctors_end = .
                0x000000000000021a                __dtors_start = .
 *(.dtors)
                0x000000000000021a                __dtors_end = .
 SORT(*)(.ctors)
 SORT(*)(.dtors)
 *(.init0)
 .init0         0x000000000000021a        0x0 /usr/lib/gcc/avr/4.8.1/../../../avr/lib/avrxmega2/crtx16a4u.o
                0x000000000000021a                __init
 *(.init0)
 *(.init1)
 *(.init1)
 *(.init2)
 .init2         0x000000000000021a        0xc /usr/lib/gcc/avr/4.8.1/../../../avr/lib/avrxmega2/crtx16a4u.o
 *(.init2)
 *(.init3)
 *(.init3)
 *(.init4)
 .init4         0x0000000000000226       0x16 /usr/lib/gcc/avr/4.8.1/avrxmega2/libgcc.a(_copy_data.o)
                0x0000000000000226                __do_copy_data
 .init4         0x000000000000023c       0x10 /usr/lib/gcc/avr/4.8.1/avrxmega2/libgcc.a(_clear_bss.o)
                0x000000000000023c                __do_clear_bss
 *(.init4)
 *(.init5)
 *(.init5)
 *(.init6)
 *(.init6)
 *(.init7)
 *(.init7)
 *(.init8)
 *(.init8)
 *(.init9)
 .init9         0x000000000000024c        0x8 /usr/lib/gcc/avr/4.8.1/../../../avr/lib/avrxmega2/crtx16a4u.o
 *(.init9)
 *(.text)
 .text          0x0000000000000254        0x4 /usr/lib/gcc/avr/4.8.1/../../../avr/lib/avrxmega2/crtx16a4u.o
                0x0000000000000254                __vector_38
                0x0000000000000254                __vector_104
                0x0000000000000254                __vector_22
                0x0000000000000254                __vector_63
                0x0000000000000254                __vector_28
                0x0000000000000254                __vector_67
                0x0000000000000254                __vector_1
                0x0000000000000254                __vector_119
                0x0000000000000254                __vector_32
                0x0000000000000254                __vector_75
                0x0000000000000254                __vector_71
                0x0000000000000254                __vector_91
                0x0000000000000254                __vector_34
                0x0000000000000254                __vector_62
                0x0000000000000254                __vector_102
                0x0000000000000254                __vector_24
                0x0000000000000254                __vector_12
                0x0000000000000254                __vector_55
                0x0000000000000254                __vector_81
                0x0000000000000254                __vector_90
                0x0000000000000254                __bad_interrupt
                0x0000000000000254                __vector_122
                0x0000000000000254                __vector_72
                0x0000000000000254                __vector_114
                0x0000000000000254                __vector_6
                0x0000000000000254                __vector_110
                0x0000000000000254                __vector_31
                0x0000000000000254                __vector_92
                0x0000000000000254                __vector_35
                0x0000000000000254                __vector_78
                0x0000000000000254                __vector_117
                0x0000000000000254                __vector_39
                0x0000000000000254                __vector_107
                0x0000000000000254                __vector_3
                0x0000000000000254                __vector_105
                0x0000000000000254                __vector_98
                0x0000000000000254                __vector_23
                0x0000000000000254                __vector_30
                0x0000000000000254                __vector_73
                0x0000000000000254                __vector_45
                0x0000000000000254                __vector_25
                0x0000000000000254                __vector_93
                0x0000000000000254                __vector_61
                0x0000000000000254                __vector_11
                0x0000000000000254                __vector_54
                0x0000000000000254                __vector_99
                0x0000000000000254                __vector_13
                0x0000000000000254                __vector_17
                0x0000000000000254                __vector_19
                0x0000000000000254                __vector_56
                0x0000000000000254                __vector_7
                0x0000000000000254                __vector_125
                0x0000000000000254                __vector_49
                0x0000000000000254                __vector_123
                0x0000000000000254                __vector_41
                0x0000000000000254                __vector_86
                0x0000000000000254                __vector_100
                0x0000000000000254                __vector_101
                0x0000000000000254                __vector_64
                0x0000000000000254                __vector_88
                0x0000000000000254                __vector_109
                0x0000000000000254                __vector_27
                0x0000000000000254                __vector_5
                0x0000000000000254                __vector_113
                0x0000000000000254                __vector_33
                0x0000000000000254                __vector_76
                0x0000000000000254                __vector_115
                0x0000000000000254                __vector_52
                0x0000000000000254                __vector_37
                0x0000000000000254                __vector_95
                0x0000000000000254                __vector_103
                0x0000000000000254                __vector_96
                0x0000000000000254                __vector_89
                0x0000000000000254                __vector_108
                0x0000000000000254                __vector_4
                0x0000000000000254                __vector_44
                0x0000000000000254                __vector_82
                0x0000000000000254                __vector_106
                0x0000000000000254                __vector_118
                0x0000000000000254                __vector_51
                0x0000000000000254                __vector_9
                0x0000000000000254                __vector_2
                0x0000000000000254                __vector_21
                0x0000000000000254                __vector_15
                0x0000000000000254                __vector_66
                0x0000000000000254                __vector_36
                0x0000000000000254                __vector_58
                0x0000000000000254                __vector_70
                0x0000000000000254                __vector_83
                0x0000000000000254                __vector_29
                0x0000000000000254                __vector_60
                0x0000000000000254                __vector_121
                0x0000000000000254                __vector_40
                0x0000000000000254                __vector_85
                0x0000000000000254                __vector_94
                0x0000000000000254                __vector_126
                0x0000000000000254                __vector_8
                0x0000000000000254                __vector_26
                0x0000000000000254                __vector_48
                0x0000000000000254                __vector_124
                0x0000000000000254                __vector_116
                0x0000000000000254                __vector_112
                0x0000000000000254                __vector_111
                0x0000000000000254                __vector_14
                0x0000000000000254                __vector_84
                0x0000000000000254                __vector_57
                0x0000000000000254                __vector_53
                0x0000000000000254                __vector_10
                0x0000000000000254                __vector_50
                0x0000000000000254                __vector_16
                0x0000000000000254                __vector_59
                0x0000000000000254                __vector_18
                0x0000000000000254                __vector_97
                0x0000000000000254                __vector_42
                0x0000000000000254                __vector_87
                0x0000000000000254                __vector_65
                0x0000000000000254                __vector_120
                0x0000000000000258                . = ALIGN (0x2)
 *(.text.*)
 .text.twi_init
                0x0000000000000258       0x10 build/gpa_twi_xmega.o
                0x0000000000000258                twi_init
 .text.twi_send_read
                0x0000000000000268       0x5a build/gpa_twi_xmega.o
                0x0000000000000268                twi_send_read
 .text.twi_send
                0x00000000000002c2       0x10 build/gpa_twi_xmega.o
                0x00000000000002c2                twi_send
 .text.twi_ready
                0x00000000000002d2        0x6 build/gpa_twi_xmega.o
                0x00000000000002d2                twi_ready
 .text.__vector_46
                0x00000000000002d8      0x11e build/gpa_twi_xmega.o
                0x00000000000002d8                __vector_46
 .text.sonar_start
                0x00000000000003f6       0xae build/gpa_sonar_stereo.o
                0x00000000000003f6                sonar_start
 .text.sonar_tx
                0x00000000000004a4       0x46 build/gpa_sonar_stereo.o
                0x00000000000004a4                sonar_tx
 .text.sonar_rx1_enable
                0x00000000000004ea        0xc build/gpa_sonar_stereo.o
                0x00000000000004ea                sonar_rx1_enable
 .text.sonar_rx2_enable
                0x00000000000004f6        0xc build/gpa_sonar_stereo.o
                0x00000000000004f6                sonar_rx2_enable
 .text.sonar_rx1
                0x0000000000000502       0x54 build/gpa_sonar_stereo.o
                0x0000000000000502                sonar_rx1
 .text.sonar_rx2
                0x0000000000000556       0x54 build/gpa_sonar_stereo.o
                0x0000000000000556                sonar_rx2
 .text.sonar_rx_disable
                0x00000000000005aa       0x12 build/gpa_sonar_stereo.o
                0x00000000000005aa                sonar_rx_disable
 .text.sonar_end
                0x00000000000005bc       0x7e build/gpa_sonar_stereo.o
                0x00000000000005bc                sonar_end
 .text.__vector_68
                0x000000000000063a       0x48 build/gpa_sonar_stereo.o
                0x000000000000063a                __vector_68
 .text.__vector_69
                0x0000000000000682       0x48 build/gpa_sonar_stereo.o
                0x0000000000000682                __vector_69
 .text.__vector_79
                0x00000000000006ca       0x48 build/gpa_sonar_stereo.o
                0x00000000000006ca                __vector_79
 .text.__vector_80
                0x0000000000000712       0x48 build/gpa_sonar_stereo.o
                0x0000000000000712                __vector_80
 .text.__vector_77
                0x000000000000075a       0x48 build/gpa_sonar_stereo.o
                0x000000000000075a                __vector_77
 .text.start_update
                0x00000000000007a2       0x3c build/gpa_start.o
                0x00000000000007a2                start_update
 .text.start_init
                0x00000000000007de       0x54 build/gpa_start.o
                0x00000000000007de                start_init
 .text.start_oncommand
                0x0000000000000832       0x68 build/gpa_start.o
                0x0000000000000832                start_oncommand
 .text.start_reset
                0x000000000000089a        0xe build/gpa_start.o
                0x000000000000089a                start_reset
 .text.start_status
                0x00000000000008a8        0x8 build/gpa_start.o
                0x00000000000008a8                start_status
 .text.do_base_delay
                0x00000000000008b0       0x30 build/main.o
                0x00000000000008b0                do_base_delay
 .text.rc5_on_recieve
                0x00000000000008e0      0x14e build/main.o
                0x00000000000008e0                rc5_on_recieve
 .text.rc5_on_recieve2
                0x0000000000000a2e        0x2 build/main.o
                0x0000000000000a2e                rc5_on_recieve2
 .text.start_get_saved
                0x0000000000000a30       0x20 build/main.o
                0x0000000000000a30                start_get_saved
 .text.start_set_saved
                0x0000000000000a50       0x1e build/main.o
                0x0000000000000a50                start_set_saved
 .text.get_front
                0x0000000000000a6e       0x1a build/main.o
                0x0000000000000a6e                get_front
 .text.read_settings
                0x0000000000000a88      0x124 build/main.o
                0x0000000000000a88                read_settings
 .text.setup    0x0000000000000bac       0xec build/main.o
                0x0000000000000bac                setup
 .text.led_edges
                0x0000000000000c98       0x70 build/main.o
                0x0000000000000c98                led_edges
 .text.led_distance
                0x0000000000000d08       0xc8 build/main.o
                0x0000000000000d08                led_distance
 .text.update   0x0000000000000dd0      0x5ae build/main.o
                0x0000000000000dd0                update
 .text.setClockTo32MHz
                0x000000000000137e       0x1e build/main.o
                0x000000000000137e                setClockTo32MHz
 .text.startup.main
                0x000000000000139c        0xe build/main.o
                0x000000000000139c                main
 .text.__vector_43
                0x00000000000013aa       0x86 build/main.o
                0x00000000000013aa                __vector_43
 .text.__vector_47
                0x0000000000001430       0x54 build/main.o
                0x0000000000001430                __vector_47
 .text.__vector_20
                0x0000000000001484       0x6c build/main.o
                0x0000000000001484                __vector_20
 .text.__vector_74
                0x00000000000014f0      0x126 build/main.o
                0x00000000000014f0                __vector_74
 .text.pca9553_reset
                0x0000000000001616        0xe build/gpa_pca9553.o
                0x0000000000001616                pca9553_reset
 .text.pca9553_pwm0
                0x0000000000001624        0x6 build/gpa_pca9553.o
                0x0000000000001624                pca9553_pwm0
 .text.pca9553_pwm1
                0x000000000000162a        0x6 build/gpa_pca9553.o
                0x000000000000162a                pca9553_pwm1
 .text.pca9553_set
                0x0000000000001630       0x2a build/gpa_pca9553.o
                0x0000000000001630                pca9553_set
 .text.pca9553_update
                0x000000000000165a       0x42 build/gpa_pca9553.o
                0x000000000000165a                pca9553_update
 .text.pca9553_init
                0x000000000000169c       0x10 build/gpa_pca9553.o
                0x000000000000169c                pca9553_init
 .text.ReadSignatureByte1
                0x00000000000016ac       0x10 build/gpa_adc_freerun.o
                0x00000000000016ac                ReadSignatureByte1
 .text.adc_init_freerun
                0x00000000000016bc       0x2e build/gpa_adc_freerun.o
                0x00000000000016bc                adc_init_freerun
 .text.adc_config_channel
                0x00000000000016ea        0xc build/gpa_adc_freerun.o
                0x00000000000016ea                adc_config_channel
 .text.adc_start_freerun
                0x00000000000016f6       0x14 build/gpa_adc_freerun.o
                0x00000000000016f6                adc_start_freerun
 .text.motors_init
                0x000000000000170a       0x36 build/motors.o
                0x000000000000170a                motors_init
 .text.motors_pwm
                0x0000000000001740       0xce build/motors.o
                0x0000000000001740                motors_pwm
 .text.rc5_reset
                0x000000000000180e       0x16 build/gpa_rc5.o
                0x000000000000180e                rc5_reset
 .text.rc5_init
                0x0000000000001824        0x4 build/gpa_rc5.o
                0x0000000000001824                rc5_init
 .text.rc5_update
                0x0000000000001828      0x12e build/gpa_rc5.o
                0x0000000000001828                rc5_update
 .text.avr-libc.fplib
                0x0000000000001956        0xa /usr/lib/gcc/avr/4.8.1/../../../avr/lib/avrxmega2/libm.a(addsf3.o)
                0x0000000000001956                __subsf3
                0x0000000000001958                __addsf3
 .text.avr-libc.fplib
                0x0000000000001960       0xc0 /usr/lib/gcc/avr/4.8.1/../../../avr/lib/avrxmega2/libm.a(addsf3x.o)
                0x000000000000197a                __addsf3x
 .text.avr-libc.fplib
                0x0000000000001a20        0x8 /usr/lib/gcc/avr/4.8.1/../../../avr/lib/avrxmega2/libm.a(cmpsf2.o)
                0x0000000000001a20                __lesf2
                0x0000000000001a20                __nesf2
                0x0000000000001a20                __eqsf2
                0x0000000000001a20                __cmpsf2
                0x0000000000001a20                __ltsf2
 .text.avr-libc.fplib
                0x0000000000001a28        0x6 /usr/lib/gcc/avr/4.8.1/../../../avr/lib/avrxmega2/libm.a(cos.o)
                0x0000000000001a28                cos
 .text.avr-libc.fplib
                0x0000000000001a2e       0x58 /usr/lib/gcc/avr/4.8.1/../../../avr/lib/avrxmega2/libm.a(fixunssfsi.o)
                0x0000000000001a2e                __fixunssfsi
 .text.avr-libc.fplib
                0x0000000000001a86       0x7a /usr/lib/gcc/avr/4.8.1/../../../avr/lib/avrxmega2/libm.a(floatsisf.o)
                0x0000000000001a86                __floatunsisf
                0x0000000000001a8a                __floatsisf
 .text.avr-libc.fplib
                0x0000000000001b00       0x48 /usr/lib/gcc/avr/4.8.1/../../../avr/lib/avrxmega2/libm.a(fp_cmp.o)
                0x0000000000001b00                __fp_cmp
 .text.avr-libc.fplib
                0x0000000000001b48        0xc /usr/lib/gcc/avr/4.8.1/../../../avr/lib/avrxmega2/libm.a(fp_inf.o)
                0x0000000000001b48                __fp_inf
 .text.avr-libc.fplib
                0x0000000000001b54        0x6 /usr/lib/gcc/avr/4.8.1/../../../avr/lib/avrxmega2/libm.a(fp_nan.o)
                0x0000000000001b54                __fp_nan
 .text.avr-libc.fplib
                0x0000000000001b5a        0xe /usr/lib/gcc/avr/4.8.1/../../../avr/lib/avrxmega2/libm.a(fp_pscA.o)
                0x0000000000001b5a                __fp_pscA
 .text.avr-libc.fplib
                0x0000000000001b68        0xe /usr/lib/gcc/avr/4.8.1/../../../avr/lib/avrxmega2/libm.a(fp_pscB.o)
                0x0000000000001b68                __fp_pscB
 .text.avr-libc.fplib
                0x0000000000001b76       0x50 /usr/lib/gcc/avr/4.8.1/../../../avr/lib/avrxmega2/libm.a(fp_rempio2.o)
                0x0000000000001b78                __fp_rempio2
 .text.avr-libc.fplib
                0x0000000000001bc6       0x22 /usr/lib/gcc/avr/4.8.1/../../../avr/lib/avrxmega2/libm.a(fp_round.o)
                0x0000000000001bc6                __fp_round
 .text.avr-libc.fplib
                0x0000000000001be8       0x22 /usr/lib/gcc/avr/4.8.1/../../../avr/lib/avrxmega2/libm.a(fp_sinus.o)
                0x0000000000001be8                __fp_sinus
 .text.avr-libc.fplib
                0x0000000000001c0a       0x44 /usr/lib/gcc/avr/4.8.1/../../../avr/lib/avrxmega2/libm.a(fp_split3.o)
                0x0000000000001c0a                __fp_split3
                0x0000000000001c1a                __fp_splitA
 .text.avr-libc.fplib
                0x0000000000001c4e        0xe /usr/lib/gcc/avr/4.8.1/../../../avr/lib/avrxmega2/libm.a(fp_zero.o)
                0x0000000000001c4e                __fp_zero
                0x0000000000001c50                __fp_szero
 .text.avr-libc.fplib
                0x0000000000001c5c        0x8 /usr/lib/gcc/avr/4.8.1/../../../avr/lib/avrxmega2/libm.a(gesf2.o)
                0x0000000000001c5c                __gtsf2
                0x0000000000001c5c                __gesf2
 .text.avr-libc.fplib
                0x0000000000001c64        0x4 /usr/lib/gcc/avr/4.8.1/../../../avr/lib/avrxmega2/libm.a(mulsf3.o)
                0x0000000000001c64                __mulsf3
 .text.avr-libc.fplib
                0x0000000000001c68       0xc2 /usr/lib/gcc/avr/4.8.1/../../../avr/lib/avrxmega2/libm.a(mulsf3x.o)
                0x0000000000001c7c                __mulsf3x
                0x0000000000001c80                __mulsf3_pse
 .text.avr-libc.fplib
                0x0000000000001d2a        0xc /usr/lib/gcc/avr/4.8.1/../../../avr/lib/avrxmega2/libm.a(sin.o)
                0x0000000000001d2a                sin
 .text.avr-libc.fplib
                0x0000000000001d36       0x1c /usr/lib/gcc/avr/4.8.1/../../../avr/lib/avrxmega2/libm.a(fp_mpack.o)
                0x0000000000001d36                __fp_mpack
                0x0000000000001d3a                __fp_mpack_finite
 .text.avr-libc.fplib
                0x0000000000001d52       0x22 /usr/lib/gcc/avr/4.8.1/../../../avr/lib/avrxmega2/libm.a(fp_powsodd.o)
                0x0000000000001d52                __fp_powsodd
 .text.avr-libc.fplib
                0x0000000000001d74       0x4a /usr/lib/gcc/avr/4.8.1/../../../avr/lib/avrxmega2/libm.a(fp_powser.o)
                0x0000000000001d74                __fp_powser
 .text.avr-libc
                0x0000000000001dbe       0x20 /usr/lib/gcc/avr/4.8.1/../../../avr/lib/avrxmega2/libc.a(eerd_byte_atxmega16a4u.o)
                0x0000000000001dbe                __eerd_byte_x16a4u
                0x0000000000001dc6                eeprom_mapen
 .text.avr-libc
                0x0000000000001dde        0xa /usr/lib/gcc/avr/4.8.1/../../../avr/lib/avrxmega2/libc.a(eerd_word_atxmega16a4u.o)
                0x0000000000001dde                __eerd_word_x16a4u
 .text.avr-libc
                0x0000000000001de8       0x46 /usr/lib/gcc/avr/4.8.1/../../../avr/lib/avrxmega2/libc.a(eewr_byte_atxmega16a4u.o)
                0x0000000000001de8                __eewr_byte_x16a4u
                0x0000000000001dea                __eewr_r18_x16a4u
 .text.avr-libc
                0x0000000000001e2e        0xa /usr/lib/gcc/avr/4.8.1/../../../avr/lib/avrxmega2/libc.a(eewr_word_atxmega16a4u.o)
                0x0000000000001e2e                __eewr_word_x16a4u
                0x0000000000001e38                . = ALIGN (0x2)
 *(.fini9)
 .fini9         0x0000000000001e38        0x0 /usr/lib/gcc/avr/4.8.1/avrxmega2/libgcc.a(_exit.o)
                0x0000000000001e38                exit
                0x0000000000001e38                _exit
 *(.fini9)
 *(.fini8)
 *(.fini8)
 *(.fini7)
 *(.fini7)
 *(.fini6)
 *(.fini6)
 *(.fini5)
 *(.fini5)
 *(.fini4)
 *(.fini4)
 *(.fini3)
 *(.fini3)
 *(.fini2)
 *(.fini2)
 *(.fini1)
 *(.fini1)
 *(.fini0)
 .fini0         0x0000000000001e38        0x4 /usr/lib/gcc/avr/4.8.1/avrxmega2/libgcc.a(_exit.o)
 *(.fini0)
                0x0000000000001e3c                _etext = .

.data           0x0000000000802000        0x6 load address 0x0000000000001e3c
                0x0000000000802000                PROVIDE (__data_start, .)
 *(.data)
 .data          0x0000000000802000        0x0 /usr/lib/gcc/avr/4.8.1/../../../avr/lib/avrxmega2/crtx16a4u.o
 .data          0x0000000000802000        0x0 build/gpa_twi_xmega.o
 .data          0x0000000000802000        0x0 build/gpa_sonar_stereo.o
 .data          0x0000000000802000        0x0 build/vl53l0x.o
 .data          0x0000000000802000        0x0 build/gpa_start.o
 .data          0x0000000000802000        0x0 build/task_os.o
 .data          0x0000000000802000        0x0 build/gpa_pca9534.o
 .data          0x0000000000802000        0x0 build/main.o
 .data          0x0000000000802000        0x0 build/gpa_pca9553.o
 .data          0x0000000000802000        0x0 build/gpa_adc_freerun.o
 .data          0x0000000000802000        0x0 build/motors.o
 .data          0x0000000000802000        0x0 build/gpa_pid.o
 .data          0x0000000000802000        0x0 build/gpa_rc5.o
 .data          0x0000000000802000        0x0 build/adc.o
 .data          0x0000000000802000        0x0 /usr/lib/gcc/avr/4.8.1/../../../avr/lib/avrxmega2/libm.a(addsf3.o)
 .data          0x0000000000802000        0x0 /usr/lib/gcc/avr/4.8.1/../../../avr/lib/avrxmega2/libm.a(addsf3x.o)
 .data          0x0000000000802000        0x0 /usr/lib/gcc/avr/4.8.1/../../../avr/lib/avrxmega2/libm.a(cmpsf2.o)
 .data          0x0000000000802000        0x0 /usr/lib/gcc/avr/4.8.1/../../../avr/lib/avrxmega2/libm.a(cos.o)
 .data          0x0000000000802000        0x0 /usr/lib/gcc/avr/4.8.1/../../../avr/lib/avrxmega2/libm.a(divsf3.o)
 .data          0x0000000000802000        0x0 /usr/lib/gcc/avr/4.8.1/../../../avr/lib/avrxmega2/libm.a(divsf3x.o)
 .data          0x0000000000802000        0x0 /usr/lib/gcc/avr/4.8.1/../../../avr/lib/avrxmega2/libm.a(fixunssfsi.o)
 .data          0x0000000000802000        0x0 /usr/lib/gcc/avr/4.8.1/../../../avr/lib/avrxmega2/libm.a(floatsisf.o)
 .data          0x0000000000802000        0x0 /usr/lib/gcc/avr/4.8.1/../../../avr/lib/avrxmega2/libm.a(fp_cmp.o)
 .data          0x0000000000802000        0x0 /usr/lib/gcc/avr/4.8.1/../../../avr/lib/avrxmega2/libm.a(fp_inf.o)
 .data          0x0000000000802000        0x0 /usr/lib/gcc/avr/4.8.1/../../../avr/lib/avrxmega2/libm.a(fp_nan.o)
 .data          0x0000000000802000        0x0 /usr/lib/gcc/avr/4.8.1/../../../avr/lib/avrxmega2/libm.a(fp_pscA.o)
 .data          0x0000000000802000        0x0 /usr/lib/gcc/avr/4.8.1/../../../avr/lib/avrxmega2/libm.a(fp_pscB.o)
 .data          0x0000000000802000        0x0 /usr/lib/gcc/avr/4.8.1/../../../avr/lib/avrxmega2/libm.a(fp_rempio2.o)
 .data          0x0000000000802000        0x0 /usr/lib/gcc/avr/4.8.1/../../../avr/lib/avrxmega2/libm.a(fp_round.o)
 .data          0x0000000000802000        0x0 /usr/lib/gcc/avr/4.8.1/../../../avr/lib/avrxmega2/libm.a(fp_sinus.o)
 .data          0x0000000000802000        0x0 /usr/lib/gcc/avr/4.8.1/../../../avr/lib/avrxmega2/libm.a(fp_split3.o)
 .data          0x0000000000802000        0x0 /usr/lib/gcc/avr/4.8.1/../../../avr/lib/avrxmega2/libm.a(fp_zero.o)
 .data          0x0000000000802000        0x0 /usr/lib/gcc/avr/4.8.1/../../../avr/lib/avrxmega2/libm.a(gesf2.o)
 .data          0x0000000000802000        0x0 /usr/lib/gcc/avr/4.8.1/../../../avr/lib/avrxmega2/libm.a(mulsf3.o)
 .data          0x0000000000802000        0x0 /usr/lib/gcc/avr/4.8.1/../../../avr/lib/avrxmega2/libm.a(mulsf3x.o)
 .data          0x0000000000802000        0x0 /usr/lib/gcc/avr/4.8.1/../../../avr/lib/avrxmega2/libm.a(sin.o)
 .data          0x0000000000802000        0x0 /usr/lib/gcc/avr/4.8.1/../../../avr/lib/avrxmega2/libm.a(fp_mpack.o)
 .data          0x0000000000802000        0x0 /usr/lib/gcc/avr/4.8.1/../../../avr/lib/avrxmega2/libm.a(fp_powsodd.o)
 .data          0x0000000000802000        0x0 /usr/lib/gcc/avr/4.8.1/../../../avr/lib/avrxmega2/libm.a(fp_powser.o)
 .data          0x0000000000802000        0x0 /usr/lib/gcc/avr/4.8.1/avrxmega2/libgcc.a(_udivmodsi4.o)
 .data          0x0000000000802000        0x0 /usr/lib/gcc/avr/4.8.1/avrxmega2/libgcc.a(_exit.o)
 .data          0x0000000000802000        0x0 /usr/lib/gcc/avr/4.8.1/avrxmega2/libgcc.a(_copy_data.o)
 .data          0x0000000000802000        0x0 /usr/lib/gcc/avr/4.8.1/avrxmega2/libgcc.a(_clear_bss.o)
 .data          0x0000000000802000        0x0 /usr/lib/gcc/avr/4.8.1/avrxmega2/libgcc.a(_muluhisi3.o)
 .data          0x0000000000802000        0x0 /usr/lib/gcc/avr/4.8.1/avrxmega2/libgcc.a(_umulhisi3.o)
 .data          0x0000000000802000        0x0 /usr/lib/gcc/avr/4.8.1/../../../avr/lib/avrxmega2/libc.a(itoa.o)
 .data          0x0000000000802000        0x0 /usr/lib/gcc/avr/4.8.1/../../../avr/lib/avrxmega2/libc.a(itoa_ncheck.o)
 .data          0x0000000000802000        0x0 /usr/lib/gcc/avr/4.8.1/../../../avr/lib/avrxmega2/libc.a(utoa_ncheck.o)
 .data          0x0000000000802000        0x0 /usr/lib/gcc/avr/4.8.1/../../../avr/lib/avrxmega2/libc.a(eerd_byte_atxmega16a4u.o)
 .data          0x0000000000802000        0x0 /usr/lib/gcc/avr/4.8.1/../../../avr/lib/avrxmega2/libc.a(eerd_word_atxmega16a4u.o)
 .data          0x0000000000802000        0x0 /usr/lib/gcc/avr/4.8.1/../../../avr/lib/avrxmega2/libc.a(eewr_byte_atxmega16a4u.o)
 .data          0x0000000000802000        0x0 /usr/lib/gcc/avr/4.8.1/../../../avr/lib/avrxmega2/libc.a(eewr_word_atxmega16a4u.o)
 .data          0x0000000000802000        0x0 /usr/lib/gcc/avr/4.8.1/../../../avr/lib/avrxmega2/libc.a(strrev.o)
 *(.data*)
 .data.ready    0x0000000000802000        0x1 build/gpa_twi_xmega.o
                0x0000000000802000                ready
 .data.dist_threshold
                0x0000000000802001        0x2 build/main.o
                0x0000000000802001                dist_threshold
 .data.base_delay
                0x0000000000802003        0x1 build/main.o
                0x0000000000802003                base_delay
 .data.base_velocity
                0x0000000000802004        0x2 build/main.o
                0x0000000000802004                base_velocity
 *(.rodata)
 *(.rodata*)
 *(.gnu.linkonce.d*)
                0x0000000000802006                . = ALIGN (0x2)
                0x0000000000802006                _edata = .
                0x0000000000802006                PROVIDE (__data_end, .)

.bss            0x0000000000802006       0x68
                0x0000000000802006                PROVIDE (__bss_start, .)
 *(.bss)
 *(.bss*)
 .bss.sonar_freerunning
                0x0000000000802006        0x1 build/gpa_sonar_stereo.o
                0x0000000000802006                sonar_freerunning
 .bss.sonar_current_channel
                0x0000000000802007        0x1 build/gpa_sonar_stereo.o
                0x0000000000802007                sonar_current_channel
 .bss.current   0x0000000000802008        0x2 build/gpa_start.o
                0x0000000000802008                current
 .bss.t         0x000000000080200a        0x4 build/main.o
                0x000000000080200a                t
 .bss.k         0x000000000080200e        0x2 build/main.o
                0x000000000080200e                k
 .bss.test_dist
                0x0000000000802010        0x1 build/main.o
                0x0000000000802010                test_dist
 .bss.ledmode_dist
                0x0000000000802011        0x1 build/main.o
                0x0000000000802011                ledmode_dist
 .bss.adc_ch    0x0000000000802012        0x1 build/main.o
                0x0000000000802012                adc_ch
 .bss.index     0x0000000000802013        0x1 build/main.o
                0x0000000000802013                index
 .bss.has_read_once
                0x0000000000802014        0x1 build/main.o
                0x0000000000802014                has_read_once
 .bss.rotation_direction
                0x0000000000802015        0x1 build/main.o
                0x0000000000802015                rotation_direction
 .bss.ls        0x0000000000802016        0x1 build/gpa_pca9553.o
                0x0000000000802016                ls
 .bss.pwm1      0x0000000000802017        0x1 build/gpa_pca9553.o
                0x0000000000802017                pwm1
 .bss.pwm0      0x0000000000802018        0x1 build/gpa_pca9553.o
                0x0000000000802018                pwm0
 .bss.psc1      0x0000000000802019        0x1 build/gpa_pca9553.o
                0x0000000000802019                psc1
 .bss.psc0      0x000000000080201a        0x1 build/gpa_pca9553.o
                0x000000000080201a                psc0
 *(COMMON)
 COMMON         0x000000000080201b        0x9 build/gpa_twi_xmega.o
                0x000000000080201b                rxbuf
                0x000000000080201d                rxlen
                0x000000000080201e                addr
                0x000000000080201f                txlen
                0x0000000000802020                txbuf
                0x0000000000802022                status
 COMMON         0x0000000000802024       0x24 build/gpa_sonar_stereo.o
                0x0000000000802024                lt2
                0x0000000000802026                t2
                0x0000000000802028                rx1
                0x0000000000802029                ft2
                0x000000000080202b                rx2
                0x000000000080202c                cstate
                0x000000000080202e                sonar_data
                0x000000000080203e                t1
                0x0000000000802040                rt1
                0x0000000000802042                rt2
                0x0000000000802044                lt1
                0x0000000000802046                ft1
 COMMON         0x0000000000802048        0x1 build/gpa_start.o
                0x0000000000802048                cooldown
 COMMON         0x0000000000802049       0x1d build/main.o
                0x0000000000802049                edge_threshold
                0x000000000080204b                adc
                0x0000000000802063                count
                0x0000000000802065                edge
 COMMON         0x0000000000802066        0x6 build/gpa_pca9553.o
                0x0000000000802066                send
 COMMON         0x000000000080206c        0x2 build/gpa_rc5.o
                0x000000000080206c                cmd
                0x000000000080206e                PROVIDE (__bss_end, .)
                0x0000000000001e3c                __data_load_start = LOADADDR (.data)
                0x0000000000001e42                __data_load_end = (__data_load_start + SIZEOF (.data))

.noinit         0x000000000080206e        0x0
                0x000000000080206e                PROVIDE (__noinit_start, .)
 *(.noinit*)
                0x000000000080206e                PROVIDE (__noinit_end, .)
                0x000000000080206e                _end = .
                0x000000000080206e                PROVIDE (__heap_start, .)

.eeprom         0x0000000000810000        0xc
 *(.eeprom*)
 .eeprom        0x0000000000810000        0xc build/main.o
                0x0000000000810000                ee_dist_threshold
                0x0000000000810002                ee_rotation_direction
                0x0000000000810003                ee_base_delay
                0x0000000000810004                ee_base_velocity
                0x0000000000810006                ee_edge_hysteresis
                0x0000000000810008                ee_edge_threshold
                0x000000000081000a                ee_stat
                0x000000000081000b                ee_dohyo
                0x000000000081000c                __eeprom_end = .

.fuse
 *(.fuse)
 *(.lfuse)
 *(.hfuse)
 *(.efuse)

.lock
 *(.lock*)

.signature
 *(.signature*)

.user_signatures
 *(.user_signatures*)

.stab
 *(.stab)

.stabstr
 *(.stabstr)

.stab.excl
 *(.stab.excl)

.stab.exclstr
 *(.stab.exclstr)

.stab.index
 *(.stab.index)

.stab.indexstr
 *(.stab.indexstr)

.comment        0x0000000000000000       0x11
 *(.comment)
 .comment       0x0000000000000000       0x11 build/gpa_twi_xmega.o
                                         0x12 (size before relaxing)
 .comment       0x0000000000000000       0x12 build/gpa_sonar_stereo.o
 .comment       0x0000000000000000       0x12 build/vl53l0x.o
 .comment       0x0000000000000000       0x12 build/gpa_start.o
 .comment       0x0000000000000000       0x12 build/task_os.o
 .comment       0x0000000000000000       0x12 build/gpa_pca9534.o
 .comment       0x0000000000000000       0x12 build/main.o
 .comment       0x0000000000000000       0x12 build/gpa_pca9553.o
 .comment       0x0000000000000000       0x12 build/gpa_adc_freerun.o
 .comment       0x0000000000000000       0x12 build/motors.o
 .comment       0x0000000000000000       0x12 build/gpa_pid.o
 .comment       0x0000000000000000       0x12 build/gpa_rc5.o
 .comment       0x0000000000000000       0x12 build/adc.o

.note.gnu.build-id
 *(.note.gnu.build-id)

.debug
 *(.debug)

.line
 *(.line)

.debug_srcinfo
 *(.debug_srcinfo)

.debug_sfnames
 *(.debug_sfnames)

.debug_aranges
 *(.debug_aranges)

.debug_pubnames
 *(.debug_pubnames)

.debug_info
 *(.debug_info .gnu.linkonce.wi.*)

.debug_abbrev
 *(.debug_abbrev)

.debug_line
 *(.debug_line .debug_line.* .debug_line_end)

.debug_frame
 *(.debug_frame)

.debug_str
 *(.debug_str)

.debug_loc
 *(.debug_loc)

.debug_macinfo
 *(.debug_macinfo)

.debug_weaknames
 *(.debug_weaknames)

.debug_funcnames
 *(.debug_funcnames)

.debug_typenames
 *(.debug_typenames)

.debug_varnames
 *(.debug_varnames)

.debug_pubtypes
 *(.debug_pubtypes)

.debug_ranges
 *(.debug_ranges)

.debug_macro
 *(.debug_macro)
OUTPUT(build/brandfarlig.elf elf32-avr)
LOAD linker stubs

Cross Reference Table

Symbol                                            File
ReadSignatureByte                                 build/adc.o
ReadSignatureByte1                                build/gpa_adc_freerun.o
__addsf3                                          /usr/lib/gcc/avr/4.8.1/../../../avr/lib/avrxmega2/libm.a(addsf3.o)
                                                  build/gpa_pid.o
__addsf3x                                         /usr/lib/gcc/avr/4.8.1/../../../avr/lib/avrxmega2/libm.a(addsf3x.o)
                                                  /usr/lib/gcc/avr/4.8.1/../../../avr/lib/avrxmega2/libm.a(fp_powser.o)
                                                  /usr/lib/gcc/avr/4.8.1/../../../avr/lib/avrxmega2/libm.a(fp_sinus.o)
                                                  /usr/lib/gcc/avr/4.8.1/../../../avr/lib/avrxmega2/libm.a(addsf3.o)
__bad_interrupt                                   /usr/lib/gcc/avr/4.8.1/../../../avr/lib/avrxmega2/crtx16a4u.o
__bss_end                                         /usr/lib/gcc/avr/4.8.1/avrxmega2/libgcc.a(_clear_bss.o)
__bss_start                                       /usr/lib/gcc/avr/4.8.1/avrxmega2/libgcc.a(_clear_bss.o)
__cmpsf2                                          /usr/lib/gcc/avr/4.8.1/../../../avr/lib/avrxmega2/libm.a(cmpsf2.o)
__data_end                                        /usr/lib/gcc/avr/4.8.1/avrxmega2/libgcc.a(_copy_data.o)
__data_load_start                                 /usr/lib/gcc/avr/4.8.1/avrxmega2/libgcc.a(_copy_data.o)
__data_start                                      /usr/lib/gcc/avr/4.8.1/avrxmega2/libgcc.a(_copy_data.o)
__divsf3                                          /usr/lib/gcc/avr/4.8.1/../../../avr/lib/avrxmega2/libm.a(divsf3.o)
                                                  build/gpa_pid.o
__divsf3_pse                                      /usr/lib/gcc/avr/4.8.1/../../../avr/lib/avrxmega2/libm.a(divsf3x.o)
__divsf3x                                         /usr/lib/gcc/avr/4.8.1/../../../avr/lib/avrxmega2/libm.a(divsf3x.o)
                                                  /usr/lib/gcc/avr/4.8.1/../../../avr/lib/avrxmega2/libm.a(divsf3.o)
__do_clear_bss                                    /usr/lib/gcc/avr/4.8.1/avrxmega2/libgcc.a(_clear_bss.o)
                                                  build/gpa_rc5.o
                                                  build/gpa_pca9553.o
                                                  build/main.o
                                                  build/gpa_pca9534.o
                                                  build/task_os.o
                                                  build/gpa_start.o
                                                  build/vl53l0x.o
                                                  build/gpa_sonar_stereo.o
                                                  build/gpa_twi_xmega.o
__do_copy_data                                    /usr/lib/gcc/avr/4.8.1/avrxmega2/libgcc.a(_copy_data.o)
                                                  build/main.o
                                                  build/gpa_sonar_stereo.o
                                                  build/gpa_twi_xmega.o
__eerd_byte_x16a4u                                /usr/lib/gcc/avr/4.8.1/../../../avr/lib/avrxmega2/libc.a(eerd_byte_atxmega16a4u.o)
                                                  build/main.o
__eerd_word_x16a4u                                /usr/lib/gcc/avr/4.8.1/../../../avr/lib/avrxmega2/libc.a(eerd_word_atxmega16a4u.o)
                                                  build/main.o
__eewr_byte_x16a4u                                /usr/lib/gcc/avr/4.8.1/../../../avr/lib/avrxmega2/libc.a(eewr_byte_atxmega16a4u.o)
                                                  /usr/lib/gcc/avr/4.8.1/../../../avr/lib/avrxmega2/libc.a(eewr_word_atxmega16a4u.o)
                                                  build/main.o
__eewr_r18_x16a4u                                 /usr/lib/gcc/avr/4.8.1/../../../avr/lib/avrxmega2/libc.a(eewr_byte_atxmega16a4u.o)
                                                  /usr/lib/gcc/avr/4.8.1/../../../avr/lib/avrxmega2/libc.a(eewr_word_atxmega16a4u.o)
__eewr_word_x16a4u                                /usr/lib/gcc/avr/4.8.1/../../../avr/lib/avrxmega2/libc.a(eewr_word_atxmega16a4u.o)
                                                  build/main.o
__eqsf2                                           /usr/lib/gcc/avr/4.8.1/../../../avr/lib/avrxmega2/libm.a(cmpsf2.o)
__fixunssfsi                                      /usr/lib/gcc/avr/4.8.1/../../../avr/lib/avrxmega2/libm.a(fixunssfsi.o)
                                                  build/main.o
                                                  build/vl53l0x.o
__floatsisf                                       /usr/lib/gcc/avr/4.8.1/../../../avr/lib/avrxmega2/libm.a(floatsisf.o)
__floatunsisf                                     /usr/lib/gcc/avr/4.8.1/../../../avr/lib/avrxmega2/libm.a(floatsisf.o)
                                                  build/main.o
__fp_cmp                                          /usr/lib/gcc/avr/4.8.1/../../../avr/lib/avrxmega2/libm.a(fp_cmp.o)
                                                  /usr/lib/gcc/avr/4.8.1/../../../avr/lib/avrxmega2/libm.a(gesf2.o)
                                                  /usr/lib/gcc/avr/4.8.1/../../../avr/lib/avrxmega2/libm.a(cmpsf2.o)
__fp_inf                                          /usr/lib/gcc/avr/4.8.1/../../../avr/lib/avrxmega2/libm.a(fp_inf.o)
                                                  /usr/lib/gcc/avr/4.8.1/../../../avr/lib/avrxmega2/libm.a(mulsf3x.o)
                                                  /usr/lib/gcc/avr/4.8.1/../../../avr/lib/avrxmega2/libm.a(divsf3x.o)
                                                  /usr/lib/gcc/avr/4.8.1/../../../avr/lib/avrxmega2/libm.a(addsf3x.o)
__fp_mpack                                        /usr/lib/gcc/avr/4.8.1/../../../avr/lib/avrxmega2/libm.a(fp_mpack.o)
__fp_mpack_finite                                 /usr/lib/gcc/avr/4.8.1/../../../avr/lib/avrxmega2/libm.a(fp_mpack.o)
                                                  /usr/lib/gcc/avr/4.8.1/../../../avr/lib/avrxmega2/libm.a(fp_rempio2.o)
__fp_nan                                          /usr/lib/gcc/avr/4.8.1/../../../avr/lib/avrxmega2/libm.a(fp_nan.o)
                                                  /usr/lib/gcc/avr/4.8.1/../../../avr/lib/avrxmega2/libm.a(mulsf3x.o)
                                                  /usr/lib/gcc/avr/4.8.1/../../../avr/lib/avrxmega2/libm.a(fp_rempio2.o)
                                                  /usr/lib/gcc/avr/4.8.1/../../../avr/lib/avrxmega2/libm.a(divsf3x.o)
                                                  /usr/lib/gcc/avr/4.8.1/../../../avr/lib/avrxmega2/libm.a(addsf3x.o)
__fp_powser                                       /usr/lib/gcc/avr/4.8.1/../../../avr/lib/avrxmega2/libm.a(fp_powser.o)
                                                  /usr/lib/gcc/avr/4.8.1/../../../avr/lib/avrxmega2/libm.a(fp_powsodd.o)
__fp_powsodd                                      /usr/lib/gcc/avr/4.8.1/../../../avr/lib/avrxmega2/libm.a(fp_powsodd.o)
                                                  /usr/lib/gcc/avr/4.8.1/../../../avr/lib/avrxmega2/libm.a(fp_sinus.o)
__fp_pscA                                         /usr/lib/gcc/avr/4.8.1/../../../avr/lib/avrxmega2/libm.a(fp_pscA.o)
                                                  /usr/lib/gcc/avr/4.8.1/../../../avr/lib/avrxmega2/libm.a(mulsf3x.o)
                                                  /usr/lib/gcc/avr/4.8.1/../../../avr/lib/avrxmega2/libm.a(divsf3x.o)
                                                  /usr/lib/gcc/avr/4.8.1/../../../avr/lib/avrxmega2/libm.a(addsf3x.o)
__fp_pscB                                         /usr/lib/gcc/avr/4.8.1/../../../avr/lib/avrxmega2/libm.a(fp_pscB.o)
                                                  /usr/lib/gcc/avr/4.8.1/../../../avr/lib/avrxmega2/libm.a(mulsf3x.o)
                                                  /usr/lib/gcc/avr/4.8.1/../../../avr/lib/avrxmega2/libm.a(divsf3x.o)
                                                  /usr/lib/gcc/avr/4.8.1/../../../avr/lib/avrxmega2/libm.a(addsf3x.o)
__fp_rempio2                                      /usr/lib/gcc/avr/4.8.1/../../../avr/lib/avrxmega2/libm.a(fp_rempio2.o)
                                                  /usr/lib/gcc/avr/4.8.1/../../../avr/lib/avrxmega2/libm.a(sin.o)
                                                  /usr/lib/gcc/avr/4.8.1/../../../avr/lib/avrxmega2/libm.a(cos.o)
__fp_round                                        /usr/lib/gcc/avr/4.8.1/../../../avr/lib/avrxmega2/libm.a(fp_round.o)
                                                  /usr/lib/gcc/avr/4.8.1/../../../avr/lib/avrxmega2/libm.a(mulsf3.o)
                                                  /usr/lib/gcc/avr/4.8.1/../../../avr/lib/avrxmega2/libm.a(fp_sinus.o)
                                                  /usr/lib/gcc/avr/4.8.1/../../../avr/lib/avrxmega2/libm.a(divsf3.o)
                                                  /usr/lib/gcc/avr/4.8.1/../../../avr/lib/avrxmega2/libm.a(addsf3.o)
__fp_sinus                                        /usr/lib/gcc/avr/4.8.1/../../../avr/lib/avrxmega2/libm.a(fp_sinus.o)
                                                  /usr/lib/gcc/avr/4.8.1/../../../avr/lib/avrxmega2/libm.a(sin.o)
                                                  /usr/lib/gcc/avr/4.8.1/../../../avr/lib/avrxmega2/libm.a(cos.o)
__fp_split3                                       /usr/lib/gcc/avr/4.8.1/../../../avr/lib/avrxmega2/libm.a(fp_split3.o)
                                                  /usr/lib/gcc/avr/4.8.1/../../../avr/lib/avrxmega2/libm.a(mulsf3x.o)
                                                  /usr/lib/gcc/avr/4.8.1/../../../avr/lib/avrxmega2/libm.a(divsf3x.o)
                                                  /usr/lib/gcc/avr/4.8.1/../../../avr/lib/avrxmega2/libm.a(addsf3x.o)
__fp_splitA                                       /usr/lib/gcc/avr/4.8.1/../../../avr/lib/avrxmega2/libm.a(fp_split3.o)
                                                  /usr/lib/gcc/avr/4.8.1/../../../avr/lib/avrxmega2/libm.a(fp_rempio2.o)
                                                  /usr/lib/gcc/avr/4.8.1/../../../avr/lib/avrxmega2/libm.a(fixunssfsi.o)
__fp_szero                                        /usr/lib/gcc/avr/4.8.1/../../../avr/lib/avrxmega2/libm.a(fp_zero.o)
                                                  /usr/lib/gcc/avr/4.8.1/../../../avr/lib/avrxmega2/libm.a(mulsf3x.o)
                                                  /usr/lib/gcc/avr/4.8.1/../../../avr/lib/avrxmega2/libm.a(divsf3x.o)
__fp_zero                                         /usr/lib/gcc/avr/4.8.1/../../../avr/lib/avrxmega2/libm.a(fp_zero.o)
                                                  /usr/lib/gcc/avr/4.8.1/../../../avr/lib/avrxmega2/libm.a(fixunssfsi.o)
                                                  /usr/lib/gcc/avr/4.8.1/../../../avr/lib/avrxmega2/libm.a(addsf3x.o)
__gesf2                                           /usr/lib/gcc/avr/4.8.1/../../../avr/lib/avrxmega2/libm.a(gesf2.o)
                                                  build/gpa_pid.o
__gtsf2                                           /usr/lib/gcc/avr/4.8.1/../../../avr/lib/avrxmega2/libm.a(gesf2.o)
                                                  build/main.o
                                                  build/vl53l0x.o
__heap_end                                        /usr/lib/gcc/avr/4.8.1/../../../avr/lib/avrxmega2/crtx16a4u.o
__init                                            /usr/lib/gcc/avr/4.8.1/../../../avr/lib/avrxmega2/crtx16a4u.o
__itoa                                            /usr/lib/gcc/avr/4.8.1/../../../avr/lib/avrxmega2/libc.a(itoa.o)
                                                  build/main.o
__itoa_ncheck                                     /usr/lib/gcc/avr/4.8.1/../../../avr/lib/avrxmega2/libc.a(itoa_ncheck.o)
                                                  /usr/lib/gcc/avr/4.8.1/../../../avr/lib/avrxmega2/libc.a(itoa.o)
__lesf2                                           /usr/lib/gcc/avr/4.8.1/../../../avr/lib/avrxmega2/libm.a(cmpsf2.o)
                                                  build/gpa_pid.o
__ltsf2                                           /usr/lib/gcc/avr/4.8.1/../../../avr/lib/avrxmega2/libm.a(cmpsf2.o)
                                                  build/main.o
                                                  build/vl53l0x.o
__mulsf3                                          /usr/lib/gcc/avr/4.8.1/../../../avr/lib/avrxmega2/libm.a(mulsf3.o)
                                                  /usr/lib/gcc/avr/4.8.1/../../../avr/lib/avrxmega2/libm.a(fp_powsodd.o)
                                                  build/gpa_pid.o
                                                  build/main.o
                                                  build/vl53l0x.o
__mulsf3_pse                                      /usr/lib/gcc/avr/4.8.1/../../../avr/lib/avrxmega2/libm.a(mulsf3x.o)
__mulsf3x                                         /usr/lib/gcc/avr/4.8.1/../../../avr/lib/avrxmega2/libm.a(mulsf3x.o)
                                                  /usr/lib/gcc/avr/4.8.1/../../../avr/lib/avrxmega2/libm.a(fp_powser.o)
                                                  /usr/lib/gcc/avr/4.8.1/../../../avr/lib/avrxmega2/libm.a(mulsf3.o)
__muluhisi3                                       /usr/lib/gcc/avr/4.8.1/avrxmega2/libgcc.a(_muluhisi3.o)
                                                  build/vl53l0x.o
__nesf2                                           /usr/lib/gcc/avr/4.8.1/../../../avr/lib/avrxmega2/libm.a(cmpsf2.o)
                                                  build/gpa_pid.o
__stack                                           /usr/lib/gcc/avr/4.8.1/../../../avr/lib/avrxmega2/crtx16a4u.o
__subsf3                                          /usr/lib/gcc/avr/4.8.1/../../../avr/lib/avrxmega2/libm.a(addsf3.o)
                                                  build/gpa_pid.o
                                                  build/main.o
__udivmodsi4                                      /usr/lib/gcc/avr/4.8.1/avrxmega2/libgcc.a(_udivmodsi4.o)
                                                  build/vl53l0x.o
__umulhisi3                                       /usr/lib/gcc/avr/4.8.1/avrxmega2/libgcc.a(_umulhisi3.o)
                                                  /usr/lib/gcc/avr/4.8.1/avrxmega2/libgcc.a(_muluhisi3.o)
__utoa_common                                     /usr/lib/gcc/avr/4.8.1/../../../avr/lib/avrxmega2/libc.a(utoa_ncheck.o)
                                                  /usr/lib/gcc/avr/4.8.1/../../../avr/lib/avrxmega2/libc.a(itoa_ncheck.o)
__utoa_ncheck                                     /usr/lib/gcc/avr/4.8.1/../../../avr/lib/avrxmega2/libc.a(utoa_ncheck.o)
__vector_1                                        /usr/lib/gcc/avr/4.8.1/../../../avr/lib/avrxmega2/crtx16a4u.o
__vector_10                                       /usr/lib/gcc/avr/4.8.1/../../../avr/lib/avrxmega2/crtx16a4u.o
__vector_100                                      /usr/lib/gcc/avr/4.8.1/../../../avr/lib/avrxmega2/crtx16a4u.o
__vector_101                                      /usr/lib/gcc/avr/4.8.1/../../../avr/lib/avrxmega2/crtx16a4u.o
__vector_102                                      /usr/lib/gcc/avr/4.8.1/../../../avr/lib/avrxmega2/crtx16a4u.o
__vector_103                                      /usr/lib/gcc/avr/4.8.1/../../../avr/lib/avrxmega2/crtx16a4u.o
__vector_104                                      /usr/lib/gcc/avr/4.8.1/../../../avr/lib/avrxmega2/crtx16a4u.o
__vector_105                                      /usr/lib/gcc/avr/4.8.1/../../../avr/lib/avrxmega2/crtx16a4u.o
__vector_106                                      /usr/lib/gcc/avr/4.8.1/../../../avr/lib/avrxmega2/crtx16a4u.o
__vector_107                                      /usr/lib/gcc/avr/4.8.1/../../../avr/lib/avrxmega2/crtx16a4u.o
__vector_108                                      /usr/lib/gcc/avr/4.8.1/../../../avr/lib/avrxmega2/crtx16a4u.o
__vector_109                                      /usr/lib/gcc/avr/4.8.1/../../../avr/lib/avrxmega2/crtx16a4u.o
__vector_11                                       /usr/lib/gcc/avr/4.8.1/../../../avr/lib/avrxmega2/crtx16a4u.o
__vector_110                                      /usr/lib/gcc/avr/4.8.1/../../../avr/lib/avrxmega2/crtx16a4u.o
__vector_111                                      /usr/lib/gcc/avr/4.8.1/../../../avr/lib/avrxmega2/crtx16a4u.o
__vector_112                                      /usr/lib/gcc/avr/4.8.1/../../../avr/lib/avrxmega2/crtx16a4u.o
__vector_113                                      /usr/lib/gcc/avr/4.8.1/../../../avr/lib/avrxmega2/crtx16a4u.o
__vector_114                                      /usr/lib/gcc/avr/4.8.1/../../../avr/lib/avrxmega2/crtx16a4u.o
__vector_115                                      /usr/lib/gcc/avr/4.8.1/../../../avr/lib/avrxmega2/crtx16a4u.o
__vector_116                                      /usr/lib/gcc/avr/4.8.1/../../../avr/lib/avrxmega2/crtx16a4u.o
__vector_117                                      /usr/lib/gcc/avr/4.8.1/../../../avr/lib/avrxmega2/crtx16a4u.o
__vector_118                                      /usr/lib/gcc/avr/4.8.1/../../../avr/lib/avrxmega2/crtx16a4u.o
__vector_119                                      /usr/lib/gcc/avr/4.8.1/../../../avr/lib/avrxmega2/crtx16a4u.o
__vector_12                                       /usr/lib/gcc/avr/4.8.1/../../../avr/lib/avrxmega2/crtx16a4u.o
__vector_120                                      /usr/lib/gcc/avr/4.8.1/../../../avr/lib/avrxmega2/crtx16a4u.o
__vector_121                                      /usr/lib/gcc/avr/4.8.1/../../../avr/lib/avrxmega2/crtx16a4u.o
__vector_122                                      /usr/lib/gcc/avr/4.8.1/../../../avr/lib/avrxmega2/crtx16a4u.o
__vector_123                                      /usr/lib/gcc/avr/4.8.1/../../../avr/lib/avrxmega2/crtx16a4u.o
__vector_124                                      /usr/lib/gcc/avr/4.8.1/../../../avr/lib/avrxmega2/crtx16a4u.o
__vector_125                                      /usr/lib/gcc/avr/4.8.1/../../../avr/lib/avrxmega2/crtx16a4u.o
__vector_126                                      /usr/lib/gcc/avr/4.8.1/../../../avr/lib/avrxmega2/crtx16a4u.o
__vector_13                                       /usr/lib/gcc/avr/4.8.1/../../../avr/lib/avrxmega2/crtx16a4u.o
__vector_14                                       /usr/lib/gcc/avr/4.8.1/../../../avr/lib/avrxmega2/crtx16a4u.o
__vector_15                                       /usr/lib/gcc/avr/4.8.1/../../../avr/lib/avrxmega2/crtx16a4u.o
__vector_16                                       /usr/lib/gcc/avr/4.8.1/../../../avr/lib/avrxmega2/crtx16a4u.o
__vector_17                                       /usr/lib/gcc/avr/4.8.1/../../../avr/lib/avrxmega2/crtx16a4u.o
__vector_18                                       /usr/lib/gcc/avr/4.8.1/../../../avr/lib/avrxmega2/crtx16a4u.o
__vector_19                                       /usr/lib/gcc/avr/4.8.1/../../../avr/lib/avrxmega2/crtx16a4u.o
__vector_2                                        /usr/lib/gcc/avr/4.8.1/../../../avr/lib/avrxmega2/crtx16a4u.o
__vector_20                                       build/main.o
                                                  /usr/lib/gcc/avr/4.8.1/../../../avr/lib/avrxmega2/crtx16a4u.o
__vector_21                                       /usr/lib/gcc/avr/4.8.1/../../../avr/lib/avrxmega2/crtx16a4u.o
__vector_22                                       /usr/lib/gcc/avr/4.8.1/../../../avr/lib/avrxmega2/crtx16a4u.o
__vector_23                                       /usr/lib/gcc/avr/4.8.1/../../../avr/lib/avrxmega2/crtx16a4u.o
__vector_24                                       /usr/lib/gcc/avr/4.8.1/../../../avr/lib/avrxmega2/crtx16a4u.o
__vector_25                                       /usr/lib/gcc/avr/4.8.1/../../../avr/lib/avrxmega2/crtx16a4u.o
__vector_26                                       /usr/lib/gcc/avr/4.8.1/../../../avr/lib/avrxmega2/crtx16a4u.o
__vector_27                                       /usr/lib/gcc/avr/4.8.1/../../../avr/lib/avrxmega2/crtx16a4u.o
__vector_28                                       /usr/lib/gcc/avr/4.8.1/../../../avr/lib/avrxmega2/crtx16a4u.o
__vector_29                                       /usr/lib/gcc/avr/4.8.1/../../../avr/lib/avrxmega2/crtx16a4u.o
__vector_3                                        /usr/lib/gcc/avr/4.8.1/../../../avr/lib/avrxmega2/crtx16a4u.o
__vector_30                                       /usr/lib/gcc/avr/4.8.1/../../../avr/lib/avrxmega2/crtx16a4u.o
__vector_31                                       /usr/lib/gcc/avr/4.8.1/../../../avr/lib/avrxmega2/crtx16a4u.o
__vector_32                                       /usr/lib/gcc/avr/4.8.1/../../../avr/lib/avrxmega2/crtx16a4u.o
__vector_33                                       /usr/lib/gcc/avr/4.8.1/../../../avr/lib/avrxmega2/crtx16a4u.o
__vector_34                                       /usr/lib/gcc/avr/4.8.1/../../../avr/lib/avrxmega2/crtx16a4u.o
__vector_35                                       /usr/lib/gcc/avr/4.8.1/../../../avr/lib/avrxmega2/crtx16a4u.o
__vector_36                                       /usr/lib/gcc/avr/4.8.1/../../../avr/lib/avrxmega2/crtx16a4u.o
__vector_37                                       /usr/lib/gcc/avr/4.8.1/../../../avr/lib/avrxmega2/crtx16a4u.o
__vector_38                                       /usr/lib/gcc/avr/4.8.1/../../../avr/lib/avrxmega2/crtx16a4u.o
__vector_39                                       /usr/lib/gcc/avr/4.8.1/../../../avr/lib/avrxmega2/crtx16a4u.o
__vector_4                                        /usr/lib/gcc/avr/4.8.1/../../../avr/lib/avrxmega2/crtx16a4u.o
__vector_40                                       /usr/lib/gcc/avr/4.8.1/../../../avr/lib/avrxmega2/crtx16a4u.o
__vector_41                                       /usr/lib/gcc/avr/4.8.1/../../../avr/lib/avrxmega2/crtx16a4u.o
__vector_42                                       /usr/lib/gcc/avr/4.8.1/../../../avr/lib/avrxmega2/crtx16a4u.o
__vector_43                                       build/main.o
                                                  /usr/lib/gcc/avr/4.8.1/../../../avr/lib/avrxmega2/crtx16a4u.o
__vector_44                                       /usr/lib/gcc/avr/4.8.1/../../../avr/lib/avrxmega2/crtx16a4u.o
__vector_45                                       /usr/lib/gcc/avr/4.8.1/../../../avr/lib/avrxmega2/crtx16a4u.o
__vector_46                                       build/gpa_twi_xmega.o
                                                  /usr/lib/gcc/avr/4.8.1/../../../avr/lib/avrxmega2/crtx16a4u.o
__vector_47                                       build/main.o
                                                  /usr/lib/gcc/avr/4.8.1/../../../avr/lib/avrxmega2/crtx16a4u.o
__vector_48                                       /usr/lib/gcc/avr/4.8.1/../../../avr/lib/avrxmega2/crtx16a4u.o
__vector_49                                       /usr/lib/gcc/avr/4.8.1/../../../avr/lib/avrxmega2/crtx16a4u.o
__vector_5                                        /usr/lib/gcc/avr/4.8.1/../../../avr/lib/avrxmega2/crtx16a4u.o
__vector_50                                       /usr/lib/gcc/avr/4.8.1/../../../avr/lib/avrxmega2/crtx16a4u.o
__vector_51                                       /usr/lib/gcc/avr/4.8.1/../../../avr/lib/avrxmega2/crtx16a4u.o
__vector_52                                       /usr/lib/gcc/avr/4.8.1/../../../avr/lib/avrxmega2/crtx16a4u.o
__vector_53                                       /usr/lib/gcc/avr/4.8.1/../../../avr/lib/avrxmega2/crtx16a4u.o
__vector_54                                       /usr/lib/gcc/avr/4.8.1/../../../avr/lib/avrxmega2/crtx16a4u.o
__vector_55                                       /usr/lib/gcc/avr/4.8.1/../../../avr/lib/avrxmega2/crtx16a4u.o
__vector_56                                       /usr/lib/gcc/avr/4.8.1/../../../avr/lib/avrxmega2/crtx16a4u.o
__vector_57                                       /usr/lib/gcc/avr/4.8.1/../../../avr/lib/avrxmega2/crtx16a4u.o
__vector_58                                       /usr/lib/gcc/avr/4.8.1/../../../avr/lib/avrxmega2/crtx16a4u.o
__vector_59                                       /usr/lib/gcc/avr/4.8.1/../../../avr/lib/avrxmega2/crtx16a4u.o
__vector_6                                        /usr/lib/gcc/avr/4.8.1/../../../avr/lib/avrxmega2/crtx16a4u.o
__vector_60                                       /usr/lib/gcc/avr/4.8.1/../../../avr/lib/avrxmega2/crtx16a4u.o
__vector_61                                       /usr/lib/gcc/avr/4.8.1/../../../avr/lib/avrxmega2/crtx16a4u.o
__vector_62                                       /usr/lib/gcc/avr/4.8.1/../../../avr/lib/avrxmega2/crtx16a4u.o
__vector_63                                       /usr/lib/gcc/avr/4.8.1/../../../avr/lib/avrxmega2/crtx16a4u.o
__vector_64                                       /usr/lib/gcc/avr/4.8.1/../../../avr/lib/avrxmega2/crtx16a4u.o
__vector_65                                       /usr/lib/gcc/avr/4.8.1/../../../avr/lib/avrxmega2/crtx16a4u.o
__vector_66                                       /usr/lib/gcc/avr/4.8.1/../../../avr/lib/avrxmega2/crtx16a4u.o
__vector_67                                       /usr/lib/gcc/avr/4.8.1/../../../avr/lib/avrxmega2/crtx16a4u.o
__vector_68                                       build/gpa_sonar_stereo.o
                                                  /usr/lib/gcc/avr/4.8.1/../../../avr/lib/avrxmega2/crtx16a4u.o
__vector_69                                       build/gpa_sonar_stereo.o
                                                  /usr/lib/gcc/avr/4.8.1/../../../avr/lib/avrxmega2/crtx16a4u.o
__vector_7                                        /usr/lib/gcc/avr/4.8.1/../../../avr/lib/avrxmega2/crtx16a4u.o
__vector_70                                       /usr/lib/gcc/avr/4.8.1/../../../avr/lib/avrxmega2/crtx16a4u.o
__vector_71                                       /usr/lib/gcc/avr/4.8.1/../../../avr/lib/avrxmega2/crtx16a4u.o
__vector_72                                       /usr/lib/gcc/avr/4.8.1/../../../avr/lib/avrxmega2/crtx16a4u.o
__vector_73                                       /usr/lib/gcc/avr/4.8.1/../../../avr/lib/avrxmega2/crtx16a4u.o
__vector_74                                       build/main.o
                                                  /usr/lib/gcc/avr/4.8.1/../../../avr/lib/avrxmega2/crtx16a4u.o
__vector_75                                       /usr/lib/gcc/avr/4.8.1/../../../avr/lib/avrxmega2/crtx16a4u.o
__vector_76                                       /usr/lib/gcc/avr/4.8.1/../../../avr/lib/avrxmega2/crtx16a4u.o
__vector_77                                       build/gpa_sonar_stereo.o
                                                  /usr/lib/gcc/avr/4.8.1/../../../avr/lib/avrxmega2/crtx16a4u.o
__vector_78                                       /usr/lib/gcc/avr/4.8.1/../../../avr/lib/avrxmega2/crtx16a4u.o
__vector_79                                       build/gpa_sonar_stereo.o
                                                  /usr/lib/gcc/avr/4.8.1/../../../avr/lib/avrxmega2/crtx16a4u.o
__vector_8                                        /usr/lib/gcc/avr/4.8.1/../../../avr/lib/avrxmega2/crtx16a4u.o
__vector_80                                       build/gpa_sonar_stereo.o
                                                  /usr/lib/gcc/avr/4.8.1/../../../avr/lib/avrxmega2/crtx16a4u.o
__vector_81                                       /usr/lib/gcc/avr/4.8.1/../../../avr/lib/avrxmega2/crtx16a4u.o
__vector_82                                       /usr/lib/gcc/avr/4.8.1/../../../avr/lib/avrxmega2/crtx16a4u.o
__vector_83                                       /usr/lib/gcc/avr/4.8.1/../../../avr/lib/avrxmega2/crtx16a4u.o
__vector_84                                       /usr/lib/gcc/avr/4.8.1/../../../avr/lib/avrxmega2/crtx16a4u.o
__vector_85                                       /usr/lib/gcc/avr/4.8.1/../../../avr/lib/avrxmega2/crtx16a4u.o
__vector_86                                       /usr/lib/gcc/avr/4.8.1/../../../avr/lib/avrxmega2/crtx16a4u.o
__vector_87                                       /usr/lib/gcc/avr/4.8.1/../../../avr/lib/avrxmega2/crtx16a4u.o
__vector_88                                       /usr/lib/gcc/avr/4.8.1/../../../avr/lib/avrxmega2/crtx16a4u.o
__vector_89                                       /usr/lib/gcc/avr/4.8.1/../../../avr/lib/avrxmega2/crtx16a4u.o
__vector_9                                        /usr/lib/gcc/avr/4.8.1/../../../avr/lib/avrxmega2/crtx16a4u.o
__vector_90                                       /usr/lib/gcc/avr/4.8.1/../../../avr/lib/avrxmega2/crtx16a4u.o
__vector_91                                       /usr/lib/gcc/avr/4.8.1/../../../avr/lib/avrxmega2/crtx16a4u.o
__vector_92                                       /usr/lib/gcc/avr/4.8.1/../../../avr/lib/avrxmega2/crtx16a4u.o
__vector_93                                       /usr/lib/gcc/avr/4.8.1/../../../avr/lib/avrxmega2/crtx16a4u.o
__vector_94                                       /usr/lib/gcc/avr/4.8.1/../../../avr/lib/avrxmega2/crtx16a4u.o
__vector_95                                       /usr/lib/gcc/avr/4.8.1/../../../avr/lib/avrxmega2/crtx16a4u.o
__vector_96                                       /usr/lib/gcc/avr/4.8.1/../../../avr/lib/avrxmega2/crtx16a4u.o
__vector_97                                       /usr/lib/gcc/avr/4.8.1/../../../avr/lib/avrxmega2/crtx16a4u.o
__vector_98                                       /usr/lib/gcc/avr/4.8.1/../../../avr/lib/avrxmega2/crtx16a4u.o
__vector_99                                       /usr/lib/gcc/avr/4.8.1/../../../avr/lib/avrxmega2/crtx16a4u.o
__vector_default                                  /usr/lib/gcc/avr/4.8.1/../../../avr/lib/avrxmega2/crtx16a4u.o
__vectors                                         /usr/lib/gcc/avr/4.8.1/../../../avr/lib/avrxmega2/crtx16a4u.o
_exit                                             /usr/lib/gcc/avr/4.8.1/avrxmega2/libgcc.a(_exit.o)
adc                                               build/main.o
adc_ch                                            build/main.o
adc_config                                        build/adc.o
adc_config_channel                                build/gpa_adc_freerun.o
                                                  build/main.o
adc_config_diff                                   build/adc.o
adc_init                                          build/adc.o
adc_init_freerun                                  build/gpa_adc_freerun.o
                                                  build/main.o
adc_offset                                        build/adc.o
adc_read                                          build/adc.o
adc_read_pin                                      build/adc.o
adc_start_freerun                                 build/gpa_adc_freerun.o
                                                  build/main.o
addr                                              build/gpa_twi_xmega.o
base_delay                                        build/main.o
base_velocity                                     build/main.o
buffer                                            build/vl53l0x.o
cch                                               build/gpa_sonar_stereo.o
ccw                                               build/main.o
cmd                                               build/gpa_rc5.o
cooldown                                          build/gpa_start.o
cos                                               /usr/lib/gcc/avr/4.8.1/../../../avr/lib/avrxmega2/libm.a(cos.o)
                                                  build/main.o
count                                             build/main.o
cstate                                            build/gpa_rc5.o
                                                  build/gpa_sonar_stereo.o
current                                           build/gpa_start.o
decodeTimeout                                     build/vl53l0x.o
dist_threshold                                    build/main.o
do_base_delay                                     build/main.o
edge                                              build/main.o
edge_acal                                         build/main.o
edge_avg                                          build/main.o
edge_get                                          build/main.o
edge_threshold                                    build/main.o
ee_base_delay                                     build/main.o
ee_base_velocity                                  build/main.o
ee_dist_threshold                                 build/main.o
ee_dohyo                                          build/main.o
ee_edge_hysteresis                                build/main.o
ee_edge_threshold                                 build/main.o
ee_rotation_direction                             build/main.o
ee_stat                                           build/main.o
eeprom_mapen                                      /usr/lib/gcc/avr/4.8.1/../../../avr/lib/avrxmega2/libc.a(eerd_byte_atxmega16a4u.o)
                                                  /usr/lib/gcc/avr/4.8.1/../../../avr/lib/avrxmega2/libc.a(eerd_word_atxmega16a4u.o)
encodeTimeout                                     build/vl53l0x.o
exit                                              /usr/lib/gcc/avr/4.8.1/avrxmega2/libgcc.a(_exit.o)
                                                  /usr/lib/gcc/avr/4.8.1/../../../avr/lib/avrxmega2/crtx16a4u.o
ft1                                               build/gpa_sonar_stereo.o
ft2                                               build/gpa_sonar_stereo.o
get_distance                                      build/main.o
get_front                                         build/main.o
has_read_once                                     build/main.o
i                                                 build/main.o
index                                             build/main.o
                                                  build/gpa_rc5.o
itoa                                              /usr/lib/gcc/avr/4.8.1/../../../avr/lib/avrxmega2/libc.a(itoa.o)
k                                                 build/main.o
led_distance                                      build/main.o
led_edges                                         build/main.o
ledmode_dist                                      build/main.o
ls                                                build/gpa_pca9553.o
lt1                                               build/gpa_sonar_stereo.o
lt2                                               build/gpa_sonar_stereo.o
main                                              build/main.o
                                                  /usr/lib/gcc/avr/4.8.1/../../../avr/lib/avrxmega2/crtx16a4u.o
motors_init                                       build/motors.o
                                                  build/main.o
motors_pwm                                        build/motors.o
                                                  build/main.o
motors_set                                        build/motors.o
pca9534_clr                                       build/gpa_pca9534.o
pca9534_dir                                       build/gpa_pca9534.o
pca9534_in                                        build/gpa_pca9534.o
pca9534_init                                      build/gpa_pca9534.o
pca9534_out                                       build/gpa_pca9534.o
pca9534_polarity                                  build/gpa_pca9534.o
pca9534_read_register                             build/gpa_pca9534.o
pca9534_reset                                     build/gpa_pca9534.o
pca9534_set                                       build/gpa_pca9534.o
pca9534_write_register                            build/gpa_pca9534.o
pca9553_init                                      build/gpa_pca9553.o
                                                  build/main.o
pca9553_input                                     build/gpa_pca9553.o
pca9553_pwm0                                      build/gpa_pca9553.o
                                                  build/main.o
pca9553_pwm1                                      build/gpa_pca9553.o
                                                  build/main.o
pca9553_reset                                     build/gpa_pca9553.o
pca9553_set                                       build/gpa_pca9553.o
                                                  build/main.o
pca9553_update                                    build/gpa_pca9553.o
                                                  build/main.o
pid_update                                        build/gpa_pid.o
psc0                                              build/gpa_pca9553.o
psc1                                              build/gpa_pca9553.o
pwm0                                              build/gpa_pca9553.o
pwm1                                              build/gpa_pca9553.o
rc5_init                                          build/gpa_rc5.o
                                                  build/main.o
rc5_on_recieve                                    build/main.o
                                                  build/gpa_rc5.o
rc5_on_recieve2                                   build/main.o
                                                  build/gpa_rc5.o
rc5_reset                                         build/gpa_rc5.o
                                                  build/main.o
rc5_update                                        build/gpa_rc5.o
                                                  build/main.o
read_settings                                     build/main.o
ready                                             build/gpa_twi_xmega.o
rotation_direction                                build/main.o
rt1                                               build/gpa_sonar_stereo.o
rt2                                               build/gpa_sonar_stereo.o
rx1                                               build/gpa_sonar_stereo.o
rx2                                               build/gpa_sonar_stereo.o
rxbuf                                             build/gpa_twi_xmega.o
rxlen                                             build/gpa_twi_xmega.o
send                                              build/gpa_pca9553.o
                                                  build/gpa_pca9534.o
setClockTo32MHz                                   build/main.o
setup                                             build/main.o
sin                                               /usr/lib/gcc/avr/4.8.1/../../../avr/lib/avrxmega2/libm.a(sin.o)
                                                  build/main.o
sonar_current_channel                             build/gpa_sonar_stereo.o
sonar_data                                        build/gpa_sonar_stereo.o
sonar_end                                         build/gpa_sonar_stereo.o
sonar_freerunning                                 build/gpa_sonar_stereo.o
sonar_gen_pulse                                   build/gpa_sonar_stereo.o
sonar_get_direction                               build/gpa_sonar_stereo.o
sonar_get_range                                   build/gpa_sonar_stereo.o
sonar_has_direction                               build/gpa_sonar_stereo.o
sonar_has_range                                   build/gpa_sonar_stereo.o
sonar_init                                        build/gpa_sonar_stereo.o
sonar_rx1                                         build/gpa_sonar_stereo.o
sonar_rx1_enable                                  build/gpa_sonar_stereo.o
sonar_rx2                                         build/gpa_sonar_stereo.o
sonar_rx2_enable                                  build/gpa_sonar_stereo.o
sonar_rx_disable                                  build/gpa_sonar_stereo.o
sonar_start                                       build/gpa_sonar_stereo.o
sonar_start_timer                                 build/gpa_sonar_stereo.o
sonar_status                                      build/gpa_sonar_stereo.o
sonar_timed_out                                   build/gpa_sonar_stereo.o
sonar_trigger                                     build/gpa_sonar_stereo.o
sonar_trigger_free                                build/gpa_sonar_stereo.o
sonar_tx                                          build/gpa_sonar_stereo.o
start_dohyo                                       build/gpa_start.o
start_get_saved                                   build/main.o
                                                  build/gpa_start.o
start_init                                        build/gpa_start.o
                                                  build/main.o
start_oncommand                                   build/gpa_start.o
                                                  build/main.o
start_reset                                       build/gpa_start.o
                                                  build/main.o
start_set_saved                                   build/main.o
                                                  build/gpa_start.o
start_status                                      build/gpa_start.o
                                                  build/main.o
start_status_changed                              build/main.o
start_update                                      build/gpa_start.o
                                                  build/main.o
stat                                              build/main.o
status                                            build/gpa_twi_xmega.o
strrev                                            /usr/lib/gcc/avr/4.8.1/../../../avr/lib/avrxmega2/libc.a(strrev.o)
                                                  /usr/lib/gcc/avr/4.8.1/../../../avr/lib/avrxmega2/libc.a(utoa_ncheck.o)
t                                                 build/main.o
t1                                                build/gpa_sonar_stereo.o
t2                                                build/gpa_sonar_stereo.o
task_init                                         build/task_os.o
task_timeout                                      build/task_os.o
task_update                                       build/task_os.o
test_dist                                         build/main.o
tg                                                build/main.o
timeout                                           build/task_os.o
timeoutMclksToMicroseconds                        build/vl53l0x.o
timeoutMicrosecondsToMclks                        build/vl53l0x.o
twi_init                                          build/gpa_twi_xmega.o
                                                  build/main.o
twi_read                                          build/gpa_twi_xmega.o
twi_ready                                         build/gpa_twi_xmega.o
                                                  build/gpa_pca9553.o
                                                  build/gpa_pca9534.o
                                                  build/vl53l0x.o
twi_send                                          build/gpa_twi_xmega.o
                                                  build/gpa_pca9553.o
                                                  build/gpa_pca9534.o
                                                  build/vl53l0x.o
twi_send_read                                     build/gpa_twi_xmega.o
                                                  build/gpa_pca9553.o
                                                  build/gpa_pca9534.o
                                                  build/vl53l0x.o
twi_status                                        build/gpa_twi_xmega.o
txbuf                                             build/gpa_twi_xmega.o
txlen                                             build/gpa_twi_xmega.o
update                                            build/main.o
usart_init                                        build/main.o
usart_int                                         build/main.o
usart_send                                        build/main.o
vl53l0x_data_init                                 build/vl53l0x.o
vl53l0x_get_range                                 build/vl53l0x.o
vl53l0x_get_sequence_enables                      build/vl53l0x.o
vl53l0x_get_sequence_timeouts                     build/vl53l0x.o
vl53l0x_get_spadinfo                              build/vl53l0x.o
vl53l0x_get_timing_budget                         build/vl53l0x.o
vl53l0x_get_vcsel                                 build/vl53l0x.o
vl53l0x_read_dword                                build/vl53l0x.o
vl53l0x_read_multi                                build/vl53l0x.o
vl53l0x_read_register                             build/vl53l0x.o
vl53l0x_read_word                                 build/vl53l0x.o
vl53l0x_set_addr                                  build/vl53l0x.o
vl53l0x_set_gpio                                  build/vl53l0x.o
vl53l0x_set_refspad                               build/vl53l0x.o
vl53l0x_set_signalratelimit                       build/vl53l0x.o
vl53l0x_set_timing_budget                         build/vl53l0x.o
vl53l0x_set_vcsel                                 build/vl53l0x.o
vl53l0x_single_refcal                             build/vl53l0x.o
vl53l0x_start_continous                           build/vl53l0x.o
vl53l0x_static_init                               build/vl53l0x.o
vl53l0x_tune                                      build/vl53l0x.o
vl53l0x_write_dword                               build/vl53l0x.o
vl53l0x_write_multi                               build/vl53l0x.o
vl53l0x_write_register                            build/vl53l0x.o
vl53l0x_write_word                                build/vl53l0x.o
