Archive member included because of file (symbol)

/usr/lib/gcc/avr/4.8.1/../../../avr/lib/avrxmega2/libm.a(addsf3.o)
                              build/main.o (__subsf3)
/usr/lib/gcc/avr/4.8.1/../../../avr/lib/avrxmega2/libm.a(addsf3x.o)
                              /usr/lib/gcc/avr/4.8.1/../../../avr/lib/avrxmega2/libm.a(addsf3.o) (__addsf3x)
/usr/lib/gcc/avr/4.8.1/../../../avr/lib/avrxmega2/libm.a(cmpsf2.o)
                              build/gpa_pid.o (__nesf2)
/usr/lib/gcc/avr/4.8.1/../../../avr/lib/avrxmega2/libm.a(cos.o)
                              build/main.o (cos)
/usr/lib/gcc/avr/4.8.1/../../../avr/lib/avrxmega2/libm.a(divsf3.o)
                              build/gpa_pid.o (__divsf3)
/usr/lib/gcc/avr/4.8.1/../../../avr/lib/avrxmega2/libm.a(divsf3x.o)
                              /usr/lib/gcc/avr/4.8.1/../../../avr/lib/avrxmega2/libm.a(divsf3.o) (__divsf3x)
/usr/lib/gcc/avr/4.8.1/../../../avr/lib/avrxmega2/libm.a(fixunssfsi.o)
                              build/vl53l0x.o (__fixunssfsi)
/usr/lib/gcc/avr/4.8.1/../../../avr/lib/avrxmega2/libm.a(floatsisf.o)
                              build/main.o (__floatunsisf)
/usr/lib/gcc/avr/4.8.1/../../../avr/lib/avrxmega2/libm.a(fp_cmp.o)
                              /usr/lib/gcc/avr/4.8.1/../../../avr/lib/avrxmega2/libm.a(cmpsf2.o) (__fp_cmp)
/usr/lib/gcc/avr/4.8.1/../../../avr/lib/avrxmega2/libm.a(fp_inf.o)
                              /usr/lib/gcc/avr/4.8.1/../../../avr/lib/avrxmega2/libm.a(addsf3x.o) (__fp_inf)
/usr/lib/gcc/avr/4.8.1/../../../avr/lib/avrxmega2/libm.a(fp_nan.o)
                              /usr/lib/gcc/avr/4.8.1/../../../avr/lib/avrxmega2/libm.a(addsf3x.o) (__fp_nan)
/usr/lib/gcc/avr/4.8.1/../../../avr/lib/avrxmega2/libm.a(fp_pscA.o)
                              /usr/lib/gcc/avr/4.8.1/../../../avr/lib/avrxmega2/libm.a(addsf3x.o) (__fp_pscA)
/usr/lib/gcc/avr/4.8.1/../../../avr/lib/avrxmega2/libm.a(fp_pscB.o)
                              /usr/lib/gcc/avr/4.8.1/../../../avr/lib/avrxmega2/libm.a(addsf3x.o) (__fp_pscB)
/usr/lib/gcc/avr/4.8.1/../../../avr/lib/avrxmega2/libm.a(fp_rempio2.o)
                              /usr/lib/gcc/avr/4.8.1/../../../avr/lib/avrxmega2/libm.a(cos.o) (__fp_rempio2)
/usr/lib/gcc/avr/4.8.1/../../../avr/lib/avrxmega2/libm.a(fp_round.o)
                              /usr/lib/gcc/avr/4.8.1/../../../avr/lib/avrxmega2/libm.a(addsf3.o) (__fp_round)
/usr/lib/gcc/avr/4.8.1/../../../avr/lib/avrxmega2/libm.a(fp_sinus.o)
                              /usr/lib/gcc/avr/4.8.1/../../../avr/lib/avrxmega2/libm.a(cos.o) (__fp_sinus)
/usr/lib/gcc/avr/4.8.1/../../../avr/lib/avrxmega2/libm.a(fp_split3.o)
                              /usr/lib/gcc/avr/4.8.1/../../../avr/lib/avrxmega2/libm.a(addsf3x.o) (__fp_split3)
/usr/lib/gcc/avr/4.8.1/../../../avr/lib/avrxmega2/libm.a(fp_zero.o)
                              /usr/lib/gcc/avr/4.8.1/../../../avr/lib/avrxmega2/libm.a(addsf3x.o) (__fp_zero)
/usr/lib/gcc/avr/4.8.1/../../../avr/lib/avrxmega2/libm.a(gesf2.o)
                              build/gpa_pid.o (__gesf2)
/usr/lib/gcc/avr/4.8.1/../../../avr/lib/avrxmega2/libm.a(mulsf3.o)
                              build/vl53l0x.o (__mulsf3)
/usr/lib/gcc/avr/4.8.1/../../../avr/lib/avrxmega2/libm.a(mulsf3x.o)
                              /usr/lib/gcc/avr/4.8.1/../../../avr/lib/avrxmega2/libm.a(mulsf3.o) (__mulsf3x)
/usr/lib/gcc/avr/4.8.1/../../../avr/lib/avrxmega2/libm.a(sin.o)
                              build/main.o (sin)
/usr/lib/gcc/avr/4.8.1/../../../avr/lib/avrxmega2/libm.a(fp_mpack.o)
                              /usr/lib/gcc/avr/4.8.1/../../../avr/lib/avrxmega2/libm.a(fp_rempio2.o) (__fp_mpack_finite)
/usr/lib/gcc/avr/4.8.1/../../../avr/lib/avrxmega2/libm.a(fp_powsodd.o)
                              /usr/lib/gcc/avr/4.8.1/../../../avr/lib/avrxmega2/libm.a(fp_sinus.o) (__fp_powsodd)
/usr/lib/gcc/avr/4.8.1/../../../avr/lib/avrxmega2/libm.a(fp_powser.o)
                              /usr/lib/gcc/avr/4.8.1/../../../avr/lib/avrxmega2/libm.a(fp_powsodd.o) (__fp_powser)
/usr/lib/gcc/avr/4.8.1/avrxmega2/libgcc.a(_udivmodsi4.o)
                              build/vl53l0x.o (__udivmodsi4)
/usr/lib/gcc/avr/4.8.1/avrxmega2/libgcc.a(_exit.o)
                              /usr/lib/gcc/avr/4.8.1/../../../avr/lib/avrxmega2/crtx16a4u.o (exit)
/usr/lib/gcc/avr/4.8.1/avrxmega2/libgcc.a(_copy_data.o)
                              build/gpa_twi_xmega.o (__do_copy_data)
/usr/lib/gcc/avr/4.8.1/avrxmega2/libgcc.a(_clear_bss.o)
                              build/gpa_twi_xmega.o (__do_clear_bss)
/usr/lib/gcc/avr/4.8.1/avrxmega2/libgcc.a(_muluhisi3.o)
                              build/vl53l0x.o (__muluhisi3)
/usr/lib/gcc/avr/4.8.1/avrxmega2/libgcc.a(_umulhisi3.o)
                              /usr/lib/gcc/avr/4.8.1/avrxmega2/libgcc.a(_muluhisi3.o) (__umulhisi3)
/usr/lib/gcc/avr/4.8.1/../../../avr/lib/avrxmega2/libc.a(itoa.o)
                              build/main.o (__itoa)
/usr/lib/gcc/avr/4.8.1/../../../avr/lib/avrxmega2/libc.a(itoa_ncheck.o)
[...]
Memory Configuration

Name             Origin             Length             Attributes
text             0x0000000000000000 0x0000000000100000 xr
data             0x0000000000802000 0x000000000000ffa0 rw !x
eeprom           0x0000000000810000 0x0000000000010000 rw !x
fuse             0x0000000000820000 0x0000000000000400 rw !x
lock             0x0000000000830000 0x0000000000000400 rw !x
signature        0x0000000000840000 0x0000000000000400 rw !x
user_signatures  0x0000000000850000 0x0000000000000400 rw !x
*default*        0x0000000000000000 0xffffffffffffffff

Linker script and memory map

LOAD /usr/lib/gcc/avr/4.8.1/../../../avr/lib/avrxmega2/crtx16a4u.o
LOAD build/gpa_twi_xmega.o
LOAD build/gpa_sonar_stereo.o
LOAD build/vl53l0x.o
LOAD build/gpa_start.o
LOAD build/task_os.o
LOAD build/gpa_pca9534.o
LOAD build/main.o
LOAD build/gpa_pca9553.o
LOAD build/gpa_adc_freerun.o
LOAD build/motors.o
LOAD build/gpa_pid.o
LOAD build/gpa_rc5.o
LOAD build/adc.o
LOAD /usr/lib/gcc/avr/4.8.1/../../../avr/lib/avrxmega2/libm.a
LOAD /usr/lib/gcc/avr/4.8.1/avrxmega2/libgcc.a
LOAD /usr/lib/gcc/avr/4.8.1/../../../avr/lib/avrxmega2/libm.a
START GROUP
LOAD /usr/lib/gcc/avr/4.8.1/avrxmega2/libgcc.a
LOAD /usr/lib/gcc/avr/4.8.1/../../../avr/lib/avrxmega2/libm.a
LOAD /usr/lib/gcc/avr/4.8.1/../../../avr/lib/avrxmega2/libc.a
END GROUP

.hash
 *(.hash)

.dynsym
 *(.dynsym)

.dynstr
 *(.dynstr)

.gnu.version
 *(.gnu.version)

.gnu.version_d
 *(.gnu.version_d)

.gnu.version_r
 *(.gnu.version_r)

.rel.init
 *(.rel.init)

.rela.init
 *(.rela.init)

.rel.text
 *(.rel.text)
 *(.rel.text.*)
 *(.rel.gnu.linkonce.t*)

.rela.text
 *(.rela.text)
 *(.rela.text.*)
 *(.rela.gnu.linkonce.t*)

.rel.fini
 *(.rel.fini)

.rela.fini
 *(.rela.fini)

.rel.rodata
 *(.rel.rodata)
 *(.rel.rodata.*)
 *(.rel.gnu.linkonce.r*)

.rela.rodata
 *(.rela.rodata)
 *(.rela.rodata.*)
 *(.rela.gnu.linkonce.r*)

.rel.data
 *(.rel.data)
 *(.rel.data.*)
 *(.rel.gnu.linkonce.d*)

.rela.data
 *(.rela.data)
 *(.rela.data.*)
 *(.rela.gnu.linkonce.d*)

.rel.ctors
 *(.rel.ctors)

.rela.ctors
 *(.rela.ctors)

.rel.dtors
 *(.rel.dtors)

.rela.dtors
 *(.rela.dtors)

.rel.got
 *(.rel.got)

.rela.got
 *(.rela.got)

.rel.bss
 *(.rel.bss)

.rela.bss
 *(.rela.bss)

.rel.plt
 *(.rel.plt)

.rela.plt
 *(.rela.plt)

.text           0x0000000000000000     0x2256
 *(.vectors)
 .vectors       0x0000000000000000      0x1fc /usr/lib/gcc/avr/4.8.1/../../../avr/lib/avrxmega2/crtx16a4u.o
                0x0000000000000000                __vectors
                0x0000000000000000                __vector_default
 *(.vectors)
 *(.progmem.gcc*)
 .progmem.gcc_fplib
                0x00000000000001fc       0x1e /usr/lib/gcc/avr/4.8.1/../../../avr/lib/avrxmega2/libm.a(fp_sinus.o)
                0x000000000000021a                . = ALIGN (0x2)
                0x000000000000021a                __trampolines_start = .
 *(.trampolines)
 .trampolines   0x000000000000021a        0x0 linker stubs
 *(.trampolines*)
                0x000000000000021a                __trampolines_end = .
 *(.progmem*)
                0x000000000000021a                . = ALIGN (0x2)
 *(.jumptables)
 *(.jumptables*)
 *(.lowtext)
 *(.lowtext*)
                0x000000000000021a                __ctors_start = .
 *(.ctors)
                0x000000000000021a                __ctors_end = .
                0x000000000000021a                __dtors_start = .
 *(.dtors)
                0x000000000000021a                __dtors_end = .
 SORT(*)(.ctors)
 SORT(*)(.dtors)
 *(.init0)
 .init0         0x000000000000021a        0x0 /usr/lib/gcc/avr/4.8.1/../../../avr/lib/avrxmega2/crtx16a4u.o
                0x000000000000021a                __init
 *(.init0)
 *(.init1)
 *(.init1)
 *(.init2)
 .init2         0x000000000000021a        0xc /usr/lib/gcc/avr/4.8.1/../../../avr/lib/avrxmega2/crtx16a4u.o
 *(.init2)
 *(.init3)
 *(.init3)
 *(.init4)
 .init4         0x0000000000000226       0x16 /usr/lib/gcc/avr/4.8.1/avrxmega2/libgcc.a(_copy_data.o)
                0x0000000000000226                __do_copy_data
 .init4         0x000000000000023c       0x10 /usr/lib/gcc/avr/4.8.1/avrxmega2/libgcc.a(_clear_bss.o)
                0x000000000000023c                __do_clear_bss
 *(.init4)
 *(.init5)
 *(.init5)
 *(.init6)
 *(.init6)
 *(.init7)
 *(.init7)
 *(.init8)
 *(.init8)
 *(.init9)
 .init9         0x000000000000024c        0x8 /usr/lib/gcc/avr/4.8.1/../../../avr/lib/avrxmega2/crtx16a4u.o
 *(.init9)
 *(.text)
 .text          0x0000000000000254        0x4 /usr/lib/gcc/avr/4.8.1/../../../avr/lib/avrxmega2/crtx16a4u.o
                0x0000000000000254                __vector_38
                0x0000000000000254                __vector_104
                0x0000000000000254                __vector_22
                0x0000000000000254                __vector_63
                0x0000000000000254                __vector_28
                0x0000000000000254                __vector_67
                0x0000000000000254                __vector_1
                0x0000000000000254                __vector_119
                0x0000000000000254                __vector_32
                0x0000000000000254                __vector_75
                0x0000000000000254                __vector_71
                0x0000000000000254                __vector_91
                0x0000000000000254                __vector_34
                0x0000000000000254                __vector_62
                0x0000000000000254                __vector_102
                0x0000000000000254                __vector_24
                0x0000000000000254                __vector_12
                0x0000000000000254                __vector_55
                0x0000000000000254                __vector_81
                0x0000000000000254                __vector_90
                0x0000000000000254                __bad_interrupt
                0x0000000000000254                __vector_122
                0x0000000000000254                __vector_72
                0x0000000000000254                __vector_114
                0x0000000000000254                __vector_6
                0x0000000000000254                __vector_110
                0x0000000000000254                __vector_31
                0x0000000000000254                __vector_92
                0x0000000000000254                __vector_35
                0x0000000000000254                __vector_78
                0x0000000000000254                __vector_117
                0x0000000000000254                __vector_39
                0x0000000000000254                __vector_107
                0x0000000000000254                __vector_3
                0x0000000000000254                __vector_105
                0x0000000000000254                __vector_98
                0x0000000000000254                __vector_23
                0x0000000000000254                __vector_30
                0x0000000000000254                __vector_73
                0x0000000000000254                __vector_45
                0x0000000000000254                __vector_25
                0x0000000000000254                __vector_93
                0x0000000000000254                __vector_61
                0x0000000000000254                __vector_11
                0x0000000000000254                __vector_54
                0x0000000000000254                __vector_99
                0x0000000000000254                __vector_13
                0x0000000000000254                __vector_17
                0x0000000000000254                __vector_19
                0x0000000000000254                __vector_56
                0x0000000000000254                __vector_7
                0x0000000000000254                __vector_125
                0x0000000000000254                __vector_49
                0x0000000000000254                __vector_123
                0x0000000000000254                __vector_41
                0x0000000000000254                __vector_86
                0x0000000000000254                __vector_100
                0x0000000000000254                __vector_101
                0x0000000000000254                __vector_64
                0x0000000000000254                __vector_88
                0x0000000000000254                __vector_109
                0x0000000000000254                __vector_27
                0x0000000000000254                __vector_5
                0x0000000000000254                __vector_113
                0x0000000000000254                __vector_33
                0x0000000000000254                __vector_76
                0x0000000000000254                __vector_115
                0x0000000000000254                __vector_52
                0x0000000000000254                __vector_37
                0x0000000000000254                __vector_95
                0x0000000000000254                __vector_103
                0x0000000000000254                __vector_96
                0x0000000000000254                __vector_89
                0x0000000000000254                __vector_108
                0x0000000000000254                __vector_4
                0x0000000000000254                __vector_44
                0x0000000000000254                __vector_82
                0x0000000000000254                __vector_106
                0x0000000000000254                __vector_118
                0x0000000000000254                __vector_51
                0x0000000000000254                __vector_9
                0x0000000000000254                __vector_2
                0x0000000000000254                __vector_21
                0x0000000000000254                __vector_15
                0x0000000000000254                __vector_66
                0x0000000000000254                __vector_36
                0x0000000000000254                __vector_58
                0x0000000000000254                __vector_70
                0x0000000000000254                __vector_83
                0x0000000000000254                __vector_29
                0x0000000000000254                __vector_60
                0x0000000000000254                __vector_121
                0x0000000000000254                __vector_40
                0x0000000000000254                __vector_85
                0x0000000000000254                __vector_94
                0x0000000000000254                __vector_126
                0x0000000000000254                __vector_8
                0x0000000000000254                __vector_26
                0x0000000000000254                __vector_48
                0x0000000000000254                __vector_124
                0x0000000000000254                __vector_116
                0x0000000000000254                __vector_112
                0x0000000000000254                __vector_111
                0x0000000000000254                __vector_80
                0x0000000000000254                __vector_14
                0x0000000000000254                __vector_84
                0x0000000000000254                __vector_57
                0x0000000000000254                __vector_53
                0x0000000000000254                __vector_10
                0x0000000000000254                __vector_50
                0x0000000000000254                __vector_16
                0x0000000000000254                __vector_59
                0x0000000000000254                __vector_18
                0x0000000000000254                __vector_97
                0x0000000000000254                __vector_42
                0x0000000000000254                __vector_87
                0x0000000000000254                __vector_65
                0x0000000000000254                __vector_120
                0x0000000000000258                . = ALIGN (0x2)
 *(.text.*)
 .text.twi_init
                0x0000000000000258       0x10 build/gpa_twi_xmega.o
                0x0000000000000258                twi_init
 .text.twi_send_read
                0x0000000000000268       0x5a build/gpa_twi_xmega.o
                0x0000000000000268                twi_send_read
 .text.twi_send
                0x00000000000002c2       0x10 build/gpa_twi_xmega.o
                0x00000000000002c2                twi_send
 .text.twi_ready
                0x00000000000002d2        0x6 build/gpa_twi_xmega.o
                0x00000000000002d2                twi_ready
 .text.__vector_46
                0x00000000000002d8      0x11e build/gpa_twi_xmega.o
                0x00000000000002d8                __vector_46
 .text.sonar_init
                0x00000000000003f6       0x12 build/gpa_sonar_stereo.o
                0x00000000000003f6                sonar_init
 .text.sonar_gen_pulse
                0x0000000000000408       0x40 build/gpa_sonar_stereo.o
                0x0000000000000408                sonar_gen_pulse
 .text.sonar_trigger
                0x0000000000000448       0x50 build/gpa_sonar_stereo.o
                0x0000000000000448                sonar_trigger
 .text.sonar_enable_echo
                0x0000000000000498       0x1a build/gpa_sonar_stereo.o
                0x0000000000000498                sonar_enable_echo
 .text.__vector_68
                0x00000000000004b2       0x4a build/gpa_sonar_stereo.o
                0x00000000000004b2                __vector_68
 .text.__vector_69
                0x00000000000004fc       0x4a build/gpa_sonar_stereo.o
                0x00000000000004fc                __vector_69
 .text.__vector_79
                0x0000000000000546       0x48 build/gpa_sonar_stereo.o
                0x0000000000000546                __vector_79
 .text.__vector_77
                0x000000000000058e       0x3e build/gpa_sonar_stereo.o
                0x000000000000058e                __vector_77
 .text.vl53l0x_write_register
                0x00000000000005cc       0x12 build/vl53l0x.o
                0x00000000000005cc                vl53l0x_write_register
 .text.vl53l0x_read_register
                0x00000000000005de       0x38 build/vl53l0x.o
                0x00000000000005de                vl53l0x_read_register
 .text.vl53l0x_write_multi
                0x0000000000000616       0x80 build/vl53l0x.o
                0x0000000000000616                vl53l0x_write_multi
 .text.vl53l0x_read_multi
                0x0000000000000696       0x38 build/vl53l0x.o
                0x0000000000000696                vl53l0x_read_multi
 .text.vl53l0x_write_word
                0x00000000000006ce       0x16 build/vl53l0x.o
                0x00000000000006ce                vl53l0x_write_word
 .text.vl53l0x_read_word
                0x00000000000006e4       0x46 build/vl53l0x.o
                0x00000000000006e4                vl53l0x_read_word
 .text.decodeTimeout
                0x000000000000072a       0x14 build/vl53l0x.o
                0x000000000000072a                decodeTimeout
 .text.encodeTimeout
                0x000000000000073e       0x44 build/vl53l0x.o
                0x000000000000073e                encodeTimeout
 .text.timeoutMclksToMicroseconds
                0x0000000000000782       0x82 build/vl53l0x.o
                0x0000000000000782                timeoutMclksToMicroseconds
 .text.timeoutMicrosecondsToMclks
                0x0000000000000804       0x8e build/vl53l0x.o
                0x0000000000000804                timeoutMicrosecondsToMclks
 .text.vl53l0x_set_addr
                0x0000000000000892       0x16 build/vl53l0x.o
                0x0000000000000892                vl53l0x_set_addr
 .text.vl53l0x_data_init
                0x00000000000008a8       0x9c build/vl53l0x.o
                0x00000000000008a8                vl53l0x_data_init
 .text.vl53l0x_set_gpio
                0x0000000000000944       0x3a build/vl53l0x.o
                0x0000000000000944                vl53l0x_set_gpio
 .text.vl53l0x_single_refcal
                0x000000000000097e       0x30 build/vl53l0x.o
                0x000000000000097e                vl53l0x_single_refcal
 .text.vl53l0x_set_refspad
                0x00000000000009ae       0xb2 build/vl53l0x.o
                0x00000000000009ae                vl53l0x_set_refspad
 .text.vl53l0x_get_vcsel
                0x0000000000000a60       0x20 build/vl53l0x.o
                0x0000000000000a60                vl53l0x_get_vcsel
 .text.vl53l0x_get_sequence_enables
                0x0000000000000a80       0x3a build/vl53l0x.o
                0x0000000000000a80                vl53l0x_get_sequence_enables
 .text.vl53l0x_get_sequence_timeouts
                0x0000000000000aba       0xae build/vl53l0x.o
                0x0000000000000aba                vl53l0x_get_sequence_timeouts
 .text.vl53l0x_get_timing_budget
                0x0000000000000b68       0xda build/vl53l0x.o
                0x0000000000000b68                vl53l0x_get_timing_budget
 .text.vl53l0x_set_timing_budget
                0x0000000000000c42      0x132 build/vl53l0x.o
                0x0000000000000c42                vl53l0x_set_timing_budget
 .text.vl53l0x_get_spadinfo
                0x0000000000000d74      0x104 build/vl53l0x.o
                0x0000000000000d74                vl53l0x_get_spadinfo
 .text.vl53l0x_tune
                0x0000000000000e78      0x324 build/vl53l0x.o
                0x0000000000000e78                vl53l0x_tune
 .text.vl53l0x_static_init
                0x000000000000119c       0xbe build/vl53l0x.o
                0x000000000000119c                vl53l0x_static_init
 .text.start_update
                0x000000000000125a       0x3c build/gpa_start.o
                0x000000000000125a                start_update
 .text.start_init
                0x0000000000001296       0x54 build/gpa_start.o
                0x0000000000001296                start_init
 .text.start_oncommand
                0x00000000000012ea       0x68 build/gpa_start.o
                0x00000000000012ea                start_oncommand
 .text.start_status
                0x0000000000001352        0x8 build/gpa_start.o
                0x0000000000001352                start_status
 .text.start_dohyo
                0x000000000000135a        0x6 build/gpa_start.o
                0x000000000000135a                start_dohyo
 .text.pca9534_write_register
                0x0000000000001360       0x1c build/gpa_pca9534.o
                0x0000000000001360                pca9534_write_register
 .text.pca9534_init
                0x000000000000137c        0x2 build/gpa_pca9534.o
                0x000000000000137c                pca9534_init
 .text.pca9534_out
                0x000000000000137e        0x8 build/gpa_pca9534.o
                0x000000000000137e                pca9534_out
 .text.pca9534_dir
                0x0000000000001386        0xa build/gpa_pca9534.o
                0x0000000000001386                pca9534_dir
 .text.usart_send
                0x0000000000001390       0x1a build/main.o
                0x0000000000001390                usart_send
 .text.usart_int
                0x00000000000013aa       0x30 build/main.o
                0x00000000000013aa                usart_int
 .text.usart_init
                0x00000000000013da       0x16 build/main.o
                0x00000000000013da                usart_init
 .text.rc5_on_recieve
                0x00000000000013f0       0x2c build/main.o
                0x00000000000013f0                rc5_on_recieve
 .text.rc5_on_recieve2
                0x000000000000141c        0x2 build/main.o
                0x000000000000141c                rc5_on_recieve2
 .text.start_get_saved
                0x000000000000141e       0x20 build/main.o
                0x000000000000141e                start_get_saved
 .text.start_set_saved
                0x000000000000143e       0x1e build/main.o
                0x000000000000143e                start_set_saved
 .text.setup    0x000000000000145c      0x184 build/main.o
                0x000000000000145c                setup
 .text.update   0x00000000000015e0      0x2b8 build/main.o
                0x00000000000015e0                update
 .text.setClockTo32MHz
                0x0000000000001898       0x1e build/main.o
                0x0000000000001898                setClockTo32MHz
 .text.startup.main
                0x00000000000018b6        0xe build/main.o
                0x00000000000018b6                main
 .text.__vector_43
                0x00000000000018c4       0x86 build/main.o
                0x00000000000018c4                __vector_43
 .text.__vector_47
                0x000000000000194a       0x54 build/main.o
                0x000000000000194a                __vector_47
 .text.__vector_20
                0x000000000000199e       0x5a build/main.o
                0x000000000000199e                __vector_20
 .text.__vector_74
                0x00000000000019f8       0x58 build/main.o
                0x00000000000019f8                __vector_74
 .text.pca9553_reset
                0x0000000000001a50        0xe build/gpa_pca9553.o
                0x0000000000001a50                pca9553_reset
 .text.pca9553_pwm0
                0x0000000000001a5e        0x6 build/gpa_pca9553.o
                0x0000000000001a5e                pca9553_pwm0
 .text.pca9553_pwm1
                0x0000000000001a64        0x6 build/gpa_pca9553.o
                0x0000000000001a64                pca9553_pwm1
 .text.pca9553_set
                0x0000000000001a6a       0x2a build/gpa_pca9553.o
                0x0000000000001a6a                pca9553_set
 .text.pca9553_update
                0x0000000000001a94       0x42 build/gpa_pca9553.o
                0x0000000000001a94                pca9553_update
 .text.pca9553_init
                0x0000000000001ad6       0x10 build/gpa_pca9553.o
                0x0000000000001ad6                pca9553_init
 .text.ReadSignatureByte1
                0x0000000000001ae6       0x10 build/gpa_adc_freerun.o
                0x0000000000001ae6                ReadSignatureByte1
 .text.adc_init_freerun
                0x0000000000001af6       0x2e build/gpa_adc_freerun.o
                0x0000000000001af6                adc_init_freerun
 .text.adc_config_channel
                0x0000000000001b24        0xc build/gpa_adc_freerun.o
                0x0000000000001b24                adc_config_channel
 .text.adc_start_freerun
                0x0000000000001b30       0x14 build/gpa_adc_freerun.o
                0x0000000000001b30                adc_start_freerun
 .text.rc5_reset
                0x0000000000001b44       0x16 build/gpa_rc5.o
                0x0000000000001b44                rc5_reset
 .text.rc5_init
                0x0000000000001b5a        0x4 build/gpa_rc5.o
                0x0000000000001b5a                rc5_init
 .text.rc5_update
                0x0000000000001b5e      0x12e build/gpa_rc5.o
                0x0000000000001b5e                rc5_update
 .text.avr-libc.fplib
                0x0000000000001c8c        0xa /usr/lib/gcc/avr/4.8.1/../../../avr/lib/avrxmega2/libm.a(addsf3.o)
                0x0000000000001c8c                __subsf3
                0x0000000000001c8e                __addsf3
 .text.avr-libc.fplib
                0x0000000000001c96       0xc0 /usr/lib/gcc/avr/4.8.1/../../../avr/lib/avrxmega2/libm.a(addsf3x.o)
                0x0000000000001cb0                __addsf3x
 .text.avr-libc.fplib
                0x0000000000001d56        0x8 /usr/lib/gcc/avr/4.8.1/../../../avr/lib/avrxmega2/libm.a(cmpsf2.o)
                0x0000000000001d56                __lesf2
                0x0000000000001d56                __nesf2
                0x0000000000001d56                __eqsf2
                0x0000000000001d56                __cmpsf2
                0x0000000000001d56                __ltsf2
 .text.avr-libc.fplib
                0x0000000000001d5e        0x6 /usr/lib/gcc/avr/4.8.1/../../../avr/lib/avrxmega2/libm.a(cos.o)
                0x0000000000001d5e                cos
 .text.avr-libc.fplib
                0x0000000000001d64       0x58 /usr/lib/gcc/avr/4.8.1/../../../avr/lib/avrxmega2/libm.a(fixunssfsi.o)
                0x0000000000001d64                __fixunssfsi
 .text.avr-libc.fplib
                0x0000000000001dbc       0x7a /usr/lib/gcc/avr/4.8.1/../../../avr/lib/avrxmega2/libm.a(floatsisf.o)
                0x0000000000001dbc                __floatunsisf
                0x0000000000001dc0                __floatsisf
 .text.avr-libc.fplib
                0x0000000000001e36       0x48 /usr/lib/gcc/avr/4.8.1/../../../avr/lib/avrxmega2/libm.a(fp_cmp.o)
                0x0000000000001e36                __fp_cmp
 .text.avr-libc.fplib
                0x0000000000001e7e        0xc /usr/lib/gcc/avr/4.8.1/../../../avr/lib/avrxmega2/libm.a(fp_inf.o)
                0x0000000000001e7e                __fp_inf
 .text.avr-libc.fplib
                0x0000000000001e8a        0x6 /usr/lib/gcc/avr/4.8.1/../../../avr/lib/avrxmega2/libm.a(fp_nan.o)
                0x0000000000001e8a                __fp_nan
 .text.avr-libc.fplib
                0x0000000000001e90        0xe /usr/lib/gcc/avr/4.8.1/../../../avr/lib/avrxmega2/libm.a(fp_pscA.o)
                0x0000000000001e90                __fp_pscA
 .text.avr-libc.fplib
                0x0000000000001e9e        0xe /usr/lib/gcc/avr/4.8.1/../../../avr/lib/avrxmega2/libm.a(fp_pscB.o)
                0x0000000000001e9e                __fp_pscB
 .text.avr-libc.fplib
                0x0000000000001eac       0x50 /usr/lib/gcc/avr/4.8.1/../../../avr/lib/avrxmega2/libm.a(fp_rempio2.o)
                0x0000000000001eae                __fp_rempio2
 .text.avr-libc.fplib
                0x0000000000001efc       0x22 /usr/lib/gcc/avr/4.8.1/../../../avr/lib/avrxmega2/libm.a(fp_round.o)
                0x0000000000001efc                __fp_round
 .text.avr-libc.fplib
                0x0000000000001f1e       0x22 /usr/lib/gcc/avr/4.8.1/../../../avr/lib/avrxmega2/libm.a(fp_sinus.o)
                0x0000000000001f1e                __fp_sinus
 .text.avr-libc.fplib
                0x0000000000001f40       0x44 /usr/lib/gcc/avr/4.8.1/../../../avr/lib/avrxmega2/libm.a(fp_split3.o)
                0x0000000000001f40                __fp_split3
                0x0000000000001f50                __fp_splitA
 .text.avr-libc.fplib
                0x0000000000001f84        0xe /usr/lib/gcc/avr/4.8.1/../../../avr/lib/avrxmega2/libm.a(fp_zero.o)
                0x0000000000001f84                __fp_zero
                0x0000000000001f86                __fp_szero
 .text.avr-libc.fplib
                0x0000000000001f92        0x8 /usr/lib/gcc/avr/4.8.1/../../../avr/lib/avrxmega2/libm.a(gesf2.o)
                0x0000000000001f92                __gtsf2
                0x0000000000001f92                __gesf2
 .text.avr-libc.fplib
                0x0000000000001f9a        0x4 /usr/lib/gcc/avr/4.8.1/../../../avr/lib/avrxmega2/libm.a(mulsf3.o)
                0x0000000000001f9a                __mulsf3
 .text.avr-libc.fplib
                0x0000000000001f9e       0xc2 /usr/lib/gcc/avr/4.8.1/../../../avr/lib/avrxmega2/libm.a(mulsf3x.o)
                0x0000000000001fb2                __mulsf3x
                0x0000000000001fb6                __mulsf3_pse
 .text.avr-libc.fplib
                0x0000000000002060        0xc /usr/lib/gcc/avr/4.8.1/../../../avr/lib/avrxmega2/libm.a(sin.o)
                0x0000000000002060                sin
 .text.avr-libc.fplib
                0x000000000000206c       0x1c /usr/lib/gcc/avr/4.8.1/../../../avr/lib/avrxmega2/libm.a(fp_mpack.o)
                0x000000000000206c                __fp_mpack
                0x0000000000002070                __fp_mpack_finite
 .text.avr-libc.fplib
                0x0000000000002088       0x22 /usr/lib/gcc/avr/4.8.1/../../../avr/lib/avrxmega2/libm.a(fp_powsodd.o)
                0x0000000000002088                __fp_powsodd
 .text.avr-libc.fplib
                0x00000000000020aa       0x4a /usr/lib/gcc/avr/4.8.1/../../../avr/lib/avrxmega2/libm.a(fp_powser.o)
                0x00000000000020aa                __fp_powser
 .text.libgcc.div
                0x00000000000020f4       0x44 /usr/lib/gcc/avr/4.8.1/avrxmega2/libgcc.a(_udivmodsi4.o)
                0x00000000000020f4                __udivmodsi4
 .text.libgcc.mul
                0x0000000000002138       0x16 /usr/lib/gcc/avr/4.8.1/avrxmega2/libgcc.a(_muluhisi3.o)
                0x0000000000002138                __muluhisi3
 .text.libgcc.mul
                0x000000000000214e       0x1e /usr/lib/gcc/avr/4.8.1/avrxmega2/libgcc.a(_umulhisi3.o)
                0x000000000000214e                __umulhisi3
 .text.avr-libc
                0x000000000000216c       0x16 /usr/lib/gcc/avr/4.8.1/../../../avr/lib/avrxmega2/libc.a(itoa.o)
                0x000000000000216c                itoa
                0x000000000000216c                __itoa
 .text.avr-libc
                0x0000000000002182       0x16 /usr/lib/gcc/avr/4.8.1/../../../avr/lib/avrxmega2/libc.a(itoa_ncheck.o)
                0x0000000000002182                __itoa_ncheck
 .text.avr-libc
                0x0000000000002198       0x34 /usr/lib/gcc/avr/4.8.1/../../../avr/lib/avrxmega2/libc.a(utoa_ncheck.o)
                0x0000000000002198                __utoa_ncheck
                0x000000000000219a                __utoa_common
 .text.avr-libc
                0x00000000000021cc       0x20 /usr/lib/gcc/avr/4.8.1/../../../avr/lib/avrxmega2/libc.a(eerd_byte_atxmega16a4u.o)
                0x00000000000021cc                __eerd_byte_x16a4u
                0x00000000000021d4                eeprom_mapen
 .text.avr-libc
                0x00000000000021ec       0x46 /usr/lib/gcc/avr/4.8.1/../../../avr/lib/avrxmega2/libc.a(eewr_byte_atxmega16a4u.o)
                0x00000000000021ec                __eewr_byte_x16a4u
                0x00000000000021ee                __eewr_r18_x16a4u
 .text.avr-libc
                0x0000000000002232       0x20 /usr/lib/gcc/avr/4.8.1/../../../avr/lib/avrxmega2/libc.a(strrev.o)
                0x0000000000002232                strrev
                0x0000000000002252                . = ALIGN (0x2)
 *(.fini9)
 .fini9         0x0000000000002252        0x0 /usr/lib/gcc/avr/4.8.1/avrxmega2/libgcc.a(_exit.o)
                0x0000000000002252                exit
                0x0000000000002252                _exit
 *(.fini9)
 *(.fini8)
 *(.fini8)
 *(.fini7)
 *(.fini7)
 *(.fini6)
 *(.fini6)
 *(.fini5)
 *(.fini5)
 *(.fini4)
 *(.fini4)
 *(.fini3)
 *(.fini3)
 *(.fini2)
 *(.fini2)
 *(.fini1)
 *(.fini1)
 *(.fini0)
 .fini0         0x0000000000002252        0x4 /usr/lib/gcc/avr/4.8.1/avrxmega2/libgcc.a(_exit.o)
 *(.fini0)
                0x0000000000002256                _etext = .

.data           0x0000000000802000       0x52 load address 0x0000000000002256
                0x0000000000802000                PROVIDE (__data_start, .)
 *(.data)
 .data          0x0000000000802000        0x0 /usr/lib/gcc/avr/4.8.1/../../../avr/lib/avrxmega2/crtx16a4u.o
 .data          0x0000000000802000        0x0 build/gpa_twi_xmega.o
 .data          0x0000000000802000        0x0 build/gpa_sonar_stereo.o
 .data          0x0000000000802000        0x0 build/vl53l0x.o
 .data          0x0000000000802000        0x0 build/gpa_start.o
 .data          0x0000000000802000        0x0 build/task_os.o
 .data          0x0000000000802000        0x0 build/gpa_pca9534.o
 .data          0x0000000000802000        0x0 build/main.o
 .data          0x0000000000802000        0x0 build/gpa_pca9553.o
 .data          0x0000000000802000        0x0 build/gpa_adc_freerun.o
 .data          0x0000000000802000        0x0 build/motors.o
 .data          0x0000000000802000        0x0 build/gpa_pid.o
 .data          0x0000000000802000        0x0 build/gpa_rc5.o
 .data          0x0000000000802000        0x0 build/adc.o
 .data          0x0000000000802000        0x0 /usr/lib/gcc/avr/4.8.1/../../../avr/lib/avrxmega2/libm.a(addsf3.o)
 .data          0x0000000000802000        0x0 /usr/lib/gcc/avr/4.8.1/../../../avr/lib/avrxmega2/libm.a(addsf3x.o)
 .data          0x0000000000802000        0x0 /usr/lib/gcc/avr/4.8.1/../../../avr/lib/avrxmega2/libm.a(cmpsf2.o)
 .data          0x0000000000802000        0x0 /usr/lib/gcc/avr/4.8.1/../../../avr/lib/avrxmega2/libm.a(cos.o)
 .data          0x0000000000802000        0x0 /usr/lib/gcc/avr/4.8.1/../../../avr/lib/avrxmega2/libm.a(divsf3.o)
 .data          0x0000000000802000        0x0 /usr/lib/gcc/avr/4.8.1/../../../avr/lib/avrxmega2/libm.a(divsf3x.o)
 .data          0x0000000000802000        0x0 /usr/lib/gcc/avr/4.8.1/../../../avr/lib/avrxmega2/libm.a(fixunssfsi.o)
 .data          0x0000000000802000        0x0 /usr/lib/gcc/avr/4.8.1/../../../avr/lib/avrxmega2/libm.a(floatsisf.o)
 .data          0x0000000000802000        0x0 /usr/lib/gcc/avr/4.8.1/../../../avr/lib/avrxmega2/libm.a(fp_cmp.o)
 .data          0x0000000000802000        0x0 /usr/lib/gcc/avr/4.8.1/../../../avr/lib/avrxmega2/libm.a(fp_inf.o)
 .data          0x0000000000802000        0x0 /usr/lib/gcc/avr/4.8.1/../../../avr/lib/avrxmega2/libm.a(fp_nan.o)
 .data          0x0000000000802000        0x0 /usr/lib/gcc/avr/4.8.1/../../../avr/lib/avrxmega2/libm.a(fp_pscA.o)
 .data          0x0000000000802000        0x0 /usr/lib/gcc/avr/4.8.1/../../../avr/lib/avrxmega2/libm.a(fp_pscB.o)
 .data          0x0000000000802000        0x0 /usr/lib/gcc/avr/4.8.1/../../../avr/lib/avrxmega2/libm.a(fp_rempio2.o)
 .data          0x0000000000802000        0x0 /usr/lib/gcc/avr/4.8.1/../../../avr/lib/avrxmega2/libm.a(fp_round.o)
 .data          0x0000000000802000        0x0 /usr/lib/gcc/avr/4.8.1/../../../avr/lib/avrxmega2/libm.a(fp_sinus.o)
 .data          0x0000000000802000        0x0 /usr/lib/gcc/avr/4.8.1/../../../avr/lib/avrxmega2/libm.a(fp_split3.o)
 .data          0x0000000000802000        0x0 /usr/lib/gcc/avr/4.8.1/../../../avr/lib/avrxmega2/libm.a(fp_zero.o)
 .data          0x0000000000802000        0x0 /usr/lib/gcc/avr/4.8.1/../../../avr/lib/avrxmega2/libm.a(gesf2.o)
 .data          0x0000000000802000        0x0 /usr/lib/gcc/avr/4.8.1/../../../avr/lib/avrxmega2/libm.a(mulsf3.o)
 .data          0x0000000000802000        0x0 /usr/lib/gcc/avr/4.8.1/../../../avr/lib/avrxmega2/libm.a(mulsf3x.o)
 .data          0x0000000000802000        0x0 /usr/lib/gcc/avr/4.8.1/../../../avr/lib/avrxmega2/libm.a(sin.o)
 .data          0x0000000000802000        0x0 /usr/lib/gcc/avr/4.8.1/../../../avr/lib/avrxmega2/libm.a(fp_mpack.o)
 .data          0x0000000000802000        0x0 /usr/lib/gcc/avr/4.8.1/../../../avr/lib/avrxmega2/libm.a(fp_powsodd.o)
 .data          0x0000000000802000        0x0 /usr/lib/gcc/avr/4.8.1/../../../avr/lib/avrxmega2/libm.a(fp_powser.o)
 .data          0x0000000000802000        0x0 /usr/lib/gcc/avr/4.8.1/avrxmega2/libgcc.a(_udivmodsi4.o)
 .data          0x0000000000802000        0x0 /usr/lib/gcc/avr/4.8.1/avrxmega2/libgcc.a(_exit.o)
 .data          0x0000000000802000        0x0 /usr/lib/gcc/avr/4.8.1/avrxmega2/libgcc.a(_copy_data.o)
 .data          0x0000000000802000        0x0 /usr/lib/gcc/avr/4.8.1/avrxmega2/libgcc.a(_clear_bss.o)
 .data          0x0000000000802000        0x0 /usr/lib/gcc/avr/4.8.1/avrxmega2/libgcc.a(_muluhisi3.o)
 .data          0x0000000000802000        0x0 /usr/lib/gcc/avr/4.8.1/avrxmega2/libgcc.a(_umulhisi3.o)
 .data          0x0000000000802000        0x0 /usr/lib/gcc/avr/4.8.1/../../../avr/lib/avrxmega2/libc.a(itoa.o)
 .data          0x0000000000802000        0x0 /usr/lib/gcc/avr/4.8.1/../../../avr/lib/avrxmega2/libc.a(itoa_ncheck.o)
 .data          0x0000000000802000        0x0 /usr/lib/gcc/avr/4.8.1/../../../avr/lib/avrxmega2/libc.a(utoa_ncheck.o)
 .data          0x0000000000802000        0x0 /usr/lib/gcc/avr/4.8.1/../../../avr/lib/avrxmega2/libc.a(eerd_byte_atxmega16a4u.o)
 .data          0x0000000000802000        0x0 /usr/lib/gcc/avr/4.8.1/../../../avr/lib/avrxmega2/libc.a(eewr_byte_atxmega16a4u.o)
 .data          0x0000000000802000        0x0 /usr/lib/gcc/avr/4.8.1/../../../avr/lib/avrxmega2/libc.a(strrev.o)
 *(.data*)
 .data.ready    0x0000000000802000        0x1 build/gpa_twi_xmega.o
                0x0000000000802000                ready
 .data.sonar_timed_out
                0x0000000000802001        0x1 build/gpa_sonar_stereo.o
                0x0000000000802001                sonar_timed_out
 .data.ccw      0x0000000000802002        0x1 build/main.o
                0x0000000000802002                ccw
 *(.rodata)
 *(.rodata*)
 .rodata.str1.1
                0x0000000000802003       0x4f build/main.o
                                         0x52 (size before relaxing)
 *(.gnu.linkonce.d*)
                0x0000000000802052                . = ALIGN (0x2)
                0x0000000000802052                _edata = .
                0x0000000000802052                PROVIDE (__data_end, .)

.bss            0x0000000000802052       0x3b
                0x0000000000802052                PROVIDE (__bss_start, .)
 *(.bss)
 *(.bss*)
 .bss.current   0x0000000000802052        0x2 build/gpa_start.o
                0x0000000000802052                current
 .bss.t         0x0000000000802054        0x4 build/main.o
                0x0000000000802054                t
 .bss.k         0x0000000000802058        0x2 build/main.o
                0x0000000000802058                k
 .bss.index     0x000000000080205a        0x1 build/main.o
                0x000000000080205a                index
 .bss.ls        0x000000000080205b        0x1 build/gpa_pca9553.o
                0x000000000080205b                ls
 .bss.pwm1      0x000000000080205c        0x1 build/gpa_pca9553.o
                0x000000000080205c                pwm1
 .bss.pwm0      0x000000000080205d        0x1 build/gpa_pca9553.o
                0x000000000080205d                pwm0
 .bss.psc1      0x000000000080205e        0x1 build/gpa_pca9553.o
                0x000000000080205e                psc1
 .bss.psc0      0x000000000080205f        0x1 build/gpa_pca9553.o
                0x000000000080205f                psc0
 *(COMMON)
 COMMON         0x0000000000802060        0x9 build/gpa_twi_xmega.o
                0x0000000000802060                rxbuf
                0x0000000000802062                rxlen
                0x0000000000802063                addr
                0x0000000000802064                txlen
                0x0000000000802065                txbuf
                0x0000000000802067                status
 COMMON         0x0000000000802069        0x6 build/gpa_sonar_stereo.o
                0x0000000000802069                t2
                0x000000000080206b                rx1
                0x000000000080206c                rx2
                0x000000000080206d                t1
 COMMON         0x000000000080206f        0x8 build/vl53l0x.o
                0x000000000080206f                buffer
 COMMON         0x0000000000802077        0x1 build/gpa_start.o
                0x0000000000802077                cooldown
 COMMON         0x0000000000802078        0xb build/main.o
                0x0000000000802078                edges
                0x0000000000802080                count
                0x0000000000802082                edge
 COMMON         0x0000000000802083        0x6 build/gpa_pca9553.o
                0x0000000000802083                send
 COMMON         0x0000000000802089        0x4 build/gpa_rc5.o
                0x0000000000802089                cstate
                0x000000000080208b                cmd
                0x000000000080208d                PROVIDE (__bss_end, .)
                0x0000000000002256                __data_load_start = LOADADDR (.data)
                0x00000000000022a8                __data_load_end = (__data_load_start + SIZEOF (.data))

.noinit         0x000000000080208d        0x0
                0x000000000080208d                PROVIDE (__noinit_start, .)
 *(.noinit*)
                0x000000000080208d                PROVIDE (__noinit_end, .)
                0x000000000080208d                _end = .
                0x000000000080208d                PROVIDE (__heap_start, .)

.eeprom         0x0000000000810000        0x0
 *(.eeprom*)
                0x0000000000810000                __eeprom_end = .

.fuse
 *(.fuse)
 *(.lfuse)
 *(.hfuse)
 *(.efuse)

.lock
 *(.lock*)

.signature
 *(.signature*)

.user_signatures
 *(.user_signatures*)

.stab
 *(.stab)

.stabstr
 *(.stabstr)

.stab.excl
 *(.stab.excl)

.stab.exclstr
 *(.stab.exclstr)

.stab.index
 *(.stab.index)

.stab.indexstr
 *(.stab.indexstr)

.comment        0x0000000000000000       0x11
 *(.comment)
 .comment       0x0000000000000000       0x11 build/gpa_twi_xmega.o
                                         0x12 (size before relaxing)
 .comment       0x0000000000000000       0x12 build/gpa_sonar_stereo.o
 .comment       0x0000000000000000       0x12 build/vl53l0x.o
 .comment       0x0000000000000000       0x12 build/gpa_start.o
 .comment       0x0000000000000000       0x12 build/task_os.o
 .comment       0x0000000000000000       0x12 build/gpa_pca9534.o
 .comment       0x0000000000000000       0x12 build/main.o
 .comment       0x0000000000000000       0x12 build/gpa_pca9553.o
 .comment       0x0000000000000000       0x12 build/gpa_adc_freerun.o
 .comment       0x0000000000000000       0x12 build/motors.o
 .comment       0x0000000000000000       0x12 build/gpa_pid.o
 .comment       0x0000000000000000       0x12 build/gpa_rc5.o
 .comment       0x0000000000000000       0x12 build/adc.o

.note.gnu.build-id
 *(.note.gnu.build-id)

.debug
 *(.debug)

.line
 *(.line)

.debug_srcinfo
 *(.debug_srcinfo)

.debug_sfnames
 *(.debug_sfnames)

.debug_aranges
 *(.debug_aranges)

.debug_pubnames
 *(.debug_pubnames)

.debug_info
 *(.debug_info .gnu.linkonce.wi.*)

.debug_abbrev
 *(.debug_abbrev)

.debug_line
 *(.debug_line .debug_line.* .debug_line_end)

.debug_frame
 *(.debug_frame)

.debug_str
 *(.debug_str)

.debug_loc
 *(.debug_loc)

.debug_macinfo
 *(.debug_macinfo)

.debug_weaknames
 *(.debug_weaknames)

.debug_funcnames
 *(.debug_funcnames)

.debug_typenames
 *(.debug_typenames)

.debug_varnames
 *(.debug_varnames)

.debug_pubtypes
 *(.debug_pubtypes)

.debug_ranges
 *(.debug_ranges)

.debug_macro
 *(.debug_macro)
OUTPUT(build/brandfarlig.elf elf32-avr)
LOAD linker stubs

Cross Reference Table

Symbol                                            File
ReadSignatureByte                                 build/adc.o
ReadSignatureByte1                                build/gpa_adc_freerun.o
__addsf3                                          /usr/lib/gcc/avr/4.8.1/../../../avr/lib/avrxmega2/libm.a(addsf3.o)
                                                  build/gpa_pid.o
__addsf3x                                         /usr/lib/gcc/avr/4.8.1/../../../avr/lib/avrxmega2/libm.a(addsf3x.o)
                                                  /usr/lib/gcc/avr/4.8.1/../../../avr/lib/avrxmega2/libm.a(fp_powser.o)
                                                  /usr/lib/gcc/avr/4.8.1/../../../avr/lib/avrxmega2/libm.a(fp_sinus.o)
                                                  /usr/lib/gcc/avr/4.8.1/../../../avr/lib/avrxmega2/libm.a(addsf3.o)
__bad_interrupt                                   /usr/lib/gcc/avr/4.8.1/../../../avr/lib/avrxmega2/crtx16a4u.o
__bss_end                                         /usr/lib/gcc/avr/4.8.1/avrxmega2/libgcc.a(_clear_bss.o)
__bss_start                                       /usr/lib/gcc/avr/4.8.1/avrxmega2/libgcc.a(_clear_bss.o)
__cmpsf2                                          /usr/lib/gcc/avr/4.8.1/../../../avr/lib/avrxmega2/libm.a(cmpsf2.o)
__data_end                                        /usr/lib/gcc/avr/4.8.1/avrxmega2/libgcc.a(_copy_data.o)
__data_load_start                                 /usr/lib/gcc/avr/4.8.1/avrxmega2/libgcc.a(_copy_data.o)
__data_start                                      /usr/lib/gcc/avr/4.8.1/avrxmega2/libgcc.a(_copy_data.o)
__divsf3                                          /usr/lib/gcc/avr/4.8.1/../../../avr/lib/avrxmega2/libm.a(divsf3.o)
                                                  build/gpa_pid.o
__divsf3_pse                                      /usr/lib/gcc/avr/4.8.1/../../../avr/lib/avrxmega2/libm.a(divsf3x.o)
__divsf3x                                         /usr/lib/gcc/avr/4.8.1/../../../avr/lib/avrxmega2/libm.a(divsf3x.o)
                                                  /usr/lib/gcc/avr/4.8.1/../../../avr/lib/avrxmega2/libm.a(divsf3.o)
__do_clear_bss                                    /usr/lib/gcc/avr/4.8.1/avrxmega2/libgcc.a(_clear_bss.o)
                                                  build/gpa_rc5.o
                                                  build/gpa_pca9553.o
                                                  build/main.o
                                                  build/gpa_pca9534.o
                                                  build/task_os.o
                                                  build/gpa_start.o
                                                  build/vl53l0x.o
                                                  build/gpa_sonar_stereo.o
                                                  build/gpa_twi_xmega.o
__do_copy_data                                    /usr/lib/gcc/avr/4.8.1/avrxmega2/libgcc.a(_copy_data.o)
                                                  build/main.o
                                                  build/gpa_sonar_stereo.o
                                                  build/gpa_twi_xmega.o
__eerd_byte_x16a4u                                /usr/lib/gcc/avr/4.8.1/../../../avr/lib/avrxmega2/libc.a(eerd_byte_atxmega16a4u.o)
                                                  build/main.o
__eewr_byte_x16a4u                                /usr/lib/gcc/avr/4.8.1/../../../avr/lib/avrxmega2/libc.a(eewr_byte_atxmega16a4u.o)
                                                  build/main.o
__eewr_r18_x16a4u                                 /usr/lib/gcc/avr/4.8.1/../../../avr/lib/avrxmega2/libc.a(eewr_byte_atxmega16a4u.o)
__eqsf2                                           /usr/lib/gcc/avr/4.8.1/../../../avr/lib/avrxmega2/libm.a(cmpsf2.o)
__fixunssfsi                                      /usr/lib/gcc/avr/4.8.1/../../../avr/lib/avrxmega2/libm.a(fixunssfsi.o)
                                                  build/main.o
                                                  build/vl53l0x.o
__floatsisf                                       /usr/lib/gcc/avr/4.8.1/../../../avr/lib/avrxmega2/libm.a(floatsisf.o)
__floatunsisf                                     /usr/lib/gcc/avr/4.8.1/../../../avr/lib/avrxmega2/libm.a(floatsisf.o)
                                                  build/main.o
__fp_cmp                                          /usr/lib/gcc/avr/4.8.1/../../../avr/lib/avrxmega2/libm.a(fp_cmp.o)
                                                  /usr/lib/gcc/avr/4.8.1/../../../avr/lib/avrxmega2/libm.a(gesf2.o)
                                                  /usr/lib/gcc/avr/4.8.1/../../../avr/lib/avrxmega2/libm.a(cmpsf2.o)
__fp_inf                                          /usr/lib/gcc/avr/4.8.1/../../../avr/lib/avrxmega2/libm.a(fp_inf.o)
                                                  /usr/lib/gcc/avr/4.8.1/../../../avr/lib/avrxmega2/libm.a(mulsf3x.o)
                                                  /usr/lib/gcc/avr/4.8.1/../../../avr/lib/avrxmega2/libm.a(divsf3x.o)
                                                  /usr/lib/gcc/avr/4.8.1/../../../avr/lib/avrxmega2/libm.a(addsf3x.o)
__fp_mpack                                        /usr/lib/gcc/avr/4.8.1/../../../avr/lib/avrxmega2/libm.a(fp_mpack.o)
__fp_mpack_finite                                 /usr/lib/gcc/avr/4.8.1/../../../avr/lib/avrxmega2/libm.a(fp_mpack.o)
                                                  /usr/lib/gcc/avr/4.8.1/../../../avr/lib/avrxmega2/libm.a(fp_rempio2.o)
__fp_nan                                          /usr/lib/gcc/avr/4.8.1/../../../avr/lib/avrxmega2/libm.a(fp_nan.o)
                                                  /usr/lib/gcc/avr/4.8.1/../../../avr/lib/avrxmega2/libm.a(mulsf3x.o)
                                                  /usr/lib/gcc/avr/4.8.1/../../../avr/lib/avrxmega2/libm.a(fp_rempio2.o)
                                                  /usr/lib/gcc/avr/4.8.1/../../../avr/lib/avrxmega2/libm.a(divsf3x.o)
                                                  /usr/lib/gcc/avr/4.8.1/../../../avr/lib/avrxmega2/libm.a(addsf3x.o)
__fp_powser                                       /usr/lib/gcc/avr/4.8.1/../../../avr/lib/avrxmega2/libm.a(fp_powser.o)
                                                  /usr/lib/gcc/avr/4.8.1/../../../avr/lib/avrxmega2/libm.a(fp_powsodd.o)
__fp_powsodd                                      /usr/lib/gcc/avr/4.8.1/../../../avr/lib/avrxmega2/libm.a(fp_powsodd.o)
                                                  /usr/lib/gcc/avr/4.8.1/../../../avr/lib/avrxmega2/libm.a(fp_sinus.o)
__fp_pscA                                         /usr/lib/gcc/avr/4.8.1/../../../avr/lib/avrxmega2/libm.a(fp_pscA.o)
                                                  /usr/lib/gcc/avr/4.8.1/../../../avr/lib/avrxmega2/libm.a(mulsf3x.o)
                                                  /usr/lib/gcc/avr/4.8.1/../../../avr/lib/avrxmega2/libm.a(divsf3x.o)
                                                  /usr/lib/gcc/avr/4.8.1/../../../avr/lib/avrxmega2/libm.a(addsf3x.o)
__fp_pscB                                         /usr/lib/gcc/avr/4.8.1/../../../avr/lib/avrxmega2/libm.a(fp_pscB.o)
                                                  /usr/lib/gcc/avr/4.8.1/../../../avr/lib/avrxmega2/libm.a(mulsf3x.o)
                                                  /usr/lib/gcc/avr/4.8.1/../../../avr/lib/avrxmega2/libm.a(divsf3x.o)
                                                  /usr/lib/gcc/avr/4.8.1/../../../avr/lib/avrxmega2/libm.a(addsf3x.o)
__fp_rempio2                                      /usr/lib/gcc/avr/4.8.1/../../../avr/lib/avrxmega2/libm.a(fp_rempio2.o)
                                                  /usr/lib/gcc/avr/4.8.1/../../../avr/lib/avrxmega2/libm.a(sin.o)
                                                  /usr/lib/gcc/avr/4.8.1/../../../avr/lib/avrxmega2/libm.a(cos.o)
__fp_round                                        /usr/lib/gcc/avr/4.8.1/../../../avr/lib/avrxmega2/libm.a(fp_round.o)
                                                  /usr/lib/gcc/avr/4.8.1/../../../avr/lib/avrxmega2/libm.a(mulsf3.o)
                                                  /usr/lib/gcc/avr/4.8.1/../../../avr/lib/avrxmega2/libm.a(fp_sinus.o)
                                                  /usr/lib/gcc/avr/4.8.1/../../../avr/lib/avrxmega2/libm.a(divsf3.o)
                                                  /usr/lib/gcc/avr/4.8.1/../../../avr/lib/avrxmega2/libm.a(addsf3.o)
__fp_sinus                                        /usr/lib/gcc/avr/4.8.1/../../../avr/lib/avrxmega2/libm.a(fp_sinus.o)
                                                  /usr/lib/gcc/avr/4.8.1/../../../avr/lib/avrxmega2/libm.a(sin.o)
                                                  /usr/lib/gcc/avr/4.8.1/../../../avr/lib/avrxmega2/libm.a(cos.o)
__fp_split3                                       /usr/lib/gcc/avr/4.8.1/../../../avr/lib/avrxmega2/libm.a(fp_split3.o)
                                                  /usr/lib/gcc/avr/4.8.1/../../../avr/lib/avrxmega2/libm.a(mulsf3x.o)
                                                  /usr/lib/gcc/avr/4.8.1/../../../avr/lib/avrxmega2/libm.a(divsf3x.o)
                                                  /usr/lib/gcc/avr/4.8.1/../../../avr/lib/avrxmega2/libm.a(addsf3x.o)
__fp_splitA                                       /usr/lib/gcc/avr/4.8.1/../../../avr/lib/avrxmega2/libm.a(fp_split3.o)
                                                  /usr/lib/gcc/avr/4.8.1/../../../avr/lib/avrxmega2/libm.a(fp_rempio2.o)
                                                  /usr/lib/gcc/avr/4.8.1/../../../avr/lib/avrxmega2/libm.a(fixunssfsi.o)
__fp_szero                                        /usr/lib/gcc/avr/4.8.1/../../../avr/lib/avrxmega2/libm.a(fp_zero.o)
                                                  /usr/lib/gcc/avr/4.8.1/../../../avr/lib/avrxmega2/libm.a(mulsf3x.o)
                                                  /usr/lib/gcc/avr/4.8.1/../../../avr/lib/avrxmega2/libm.a(divsf3x.o)
__fp_zero                                         /usr/lib/gcc/avr/4.8.1/../../../avr/lib/avrxmega2/libm.a(fp_zero.o)
                                                  /usr/lib/gcc/avr/4.8.1/../../../avr/lib/avrxmega2/libm.a(fixunssfsi.o)
                                                  /usr/lib/gcc/avr/4.8.1/../../../avr/lib/avrxmega2/libm.a(addsf3x.o)
__gesf2                                           /usr/lib/gcc/avr/4.8.1/../../../avr/lib/avrxmega2/libm.a(gesf2.o)
                                                  build/gpa_pid.o
__gtsf2                                           /usr/lib/gcc/avr/4.8.1/../../../avr/lib/avrxmega2/libm.a(gesf2.o)
                                                  build/main.o
                                                  build/vl53l0x.o
__heap_end                                        /usr/lib/gcc/avr/4.8.1/../../../avr/lib/avrxmega2/crtx16a4u.o
__init                                            /usr/lib/gcc/avr/4.8.1/../../../avr/lib/avrxmega2/crtx16a4u.o
__itoa                                            /usr/lib/gcc/avr/4.8.1/../../../avr/lib/avrxmega2/libc.a(itoa.o)
                                                  build/main.o
__itoa_ncheck                                     /usr/lib/gcc/avr/4.8.1/../../../avr/lib/avrxmega2/libc.a(itoa_ncheck.o)
                                                  /usr/lib/gcc/avr/4.8.1/../../../avr/lib/avrxmega2/libc.a(itoa.o)
__lesf2                                           /usr/lib/gcc/avr/4.8.1/../../../avr/lib/avrxmega2/libm.a(cmpsf2.o)
                                                  build/gpa_pid.o
__ltsf2                                           /usr/lib/gcc/avr/4.8.1/../../../avr/lib/avrxmega2/libm.a(cmpsf2.o)
                                                  build/main.o
                                                  build/vl53l0x.o
__mulsf3                                          /usr/lib/gcc/avr/4.8.1/../../../avr/lib/avrxmega2/libm.a(mulsf3.o)
                                                  /usr/lib/gcc/avr/4.8.1/../../../avr/lib/avrxmega2/libm.a(fp_powsodd.o)
                                                  build/gpa_pid.o
                                                  build/main.o
                                                  build/vl53l0x.o
__mulsf3_pse                                      /usr/lib/gcc/avr/4.8.1/../../../avr/lib/avrxmega2/libm.a(mulsf3x.o)
__mulsf3x                                         /usr/lib/gcc/avr/4.8.1/../../../avr/lib/avrxmega2/libm.a(mulsf3x.o)
                                                  /usr/lib/gcc/avr/4.8.1/../../../avr/lib/avrxmega2/libm.a(fp_powser.o)
                                                  /usr/lib/gcc/avr/4.8.1/../../../avr/lib/avrxmega2/libm.a(mulsf3.o)
__muluhisi3                                       /usr/lib/gcc/avr/4.8.1/avrxmega2/libgcc.a(_muluhisi3.o)
                                                  build/vl53l0x.o
__nesf2                                           /usr/lib/gcc/avr/4.8.1/../../../avr/lib/avrxmega2/libm.a(cmpsf2.o)
                                                  build/gpa_pid.o
__stack                                           /usr/lib/gcc/avr/4.8.1/../../../avr/lib/avrxmega2/crtx16a4u.o
__subsf3                                          /usr/lib/gcc/avr/4.8.1/../../../avr/lib/avrxmega2/libm.a(addsf3.o)
                                                  build/gpa_pid.o
                                                  build/main.o
__udivmodsi4                                      /usr/lib/gcc/avr/4.8.1/avrxmega2/libgcc.a(_udivmodsi4.o)
                                                  build/vl53l0x.o
__umulhisi3                                       /usr/lib/gcc/avr/4.8.1/avrxmega2/libgcc.a(_umulhisi3.o)
                                                  /usr/lib/gcc/avr/4.8.1/avrxmega2/libgcc.a(_muluhisi3.o)
__utoa_common                                     /usr/lib/gcc/avr/4.8.1/../../../avr/lib/avrxmega2/libc.a(utoa_ncheck.o)
                                                  /usr/lib/gcc/avr/4.8.1/../../../avr/lib/avrxmega2/libc.a(itoa_ncheck.o)
__utoa_ncheck                                     /usr/lib/gcc/avr/4.8.1/../../../avr/lib/avrxmega2/libc.a(utoa_ncheck.o)
__vector_1                                        /usr/lib/gcc/avr/4.8.1/../../../avr/lib/avrxmega2/crtx16a4u.o
__vector_10                                       /usr/lib/gcc/avr/4.8.1/../../../avr/lib/avrxmega2/crtx16a4u.o
__vector_100                                      /usr/lib/gcc/avr/4.8.1/../../../avr/lib/avrxmega2/crtx16a4u.o
__vector_101                                      /usr/lib/gcc/avr/4.8.1/../../../avr/lib/avrxmega2/crtx16a4u.o
__vector_102                                      /usr/lib/gcc/avr/4.8.1/../../../avr/lib/avrxmega2/crtx16a4u.o
__vector_103                                      /usr/lib/gcc/avr/4.8.1/../../../avr/lib/avrxmega2/crtx16a4u.o
__vector_104                                      /usr/lib/gcc/avr/4.8.1/../../../avr/lib/avrxmega2/crtx16a4u.o
__vector_105                                      /usr/lib/gcc/avr/4.8.1/../../../avr/lib/avrxmega2/crtx16a4u.o
__vector_106                                      /usr/lib/gcc/avr/4.8.1/../../../avr/lib/avrxmega2/crtx16a4u.o
__vector_107                                      /usr/lib/gcc/avr/4.8.1/../../../avr/lib/avrxmega2/crtx16a4u.o
__vector_108                                      /usr/lib/gcc/avr/4.8.1/../../../avr/lib/avrxmega2/crtx16a4u.o
__vector_109                                      /usr/lib/gcc/avr/4.8.1/../../../avr/lib/avrxmega2/crtx16a4u.o
__vector_11                                       /usr/lib/gcc/avr/4.8.1/../../../avr/lib/avrxmega2/crtx16a4u.o
__vector_110                                      /usr/lib/gcc/avr/4.8.1/../../../avr/lib/avrxmega2/crtx16a4u.o
__vector_111                                      /usr/lib/gcc/avr/4.8.1/../../../avr/lib/avrxmega2/crtx16a4u.o
__vector_112                                      /usr/lib/gcc/avr/4.8.1/../../../avr/lib/avrxmega2/crtx16a4u.o
__vector_113                                      /usr/lib/gcc/avr/4.8.1/../../../avr/lib/avrxmega2/crtx16a4u.o
__vector_114                                      /usr/lib/gcc/avr/4.8.1/../../../avr/lib/avrxmega2/crtx16a4u.o
__vector_115                                      /usr/lib/gcc/avr/4.8.1/../../../avr/lib/avrxmega2/crtx16a4u.o
__vector_116                                      /usr/lib/gcc/avr/4.8.1/../../../avr/lib/avrxmega2/crtx16a4u.o
__vector_117                                      /usr/lib/gcc/avr/4.8.1/../../../avr/lib/avrxmega2/crtx16a4u.o
__vector_118                                      /usr/lib/gcc/avr/4.8.1/../../../avr/lib/avrxmega2/crtx16a4u.o
__vector_119                                      /usr/lib/gcc/avr/4.8.1/../../../avr/lib/avrxmega2/crtx16a4u.o
__vector_12                                       /usr/lib/gcc/avr/4.8.1/../../../avr/lib/avrxmega2/crtx16a4u.o
__vector_120                                      /usr/lib/gcc/avr/4.8.1/../../../avr/lib/avrxmega2/crtx16a4u.o
__vector_121                                      /usr/lib/gcc/avr/4.8.1/../../../avr/lib/avrxmega2/crtx16a4u.o
__vector_122                                      /usr/lib/gcc/avr/4.8.1/../../../avr/lib/avrxmega2/crtx16a4u.o
__vector_123                                      /usr/lib/gcc/avr/4.8.1/../../../avr/lib/avrxmega2/crtx16a4u.o
__vector_124                                      /usr/lib/gcc/avr/4.8.1/../../../avr/lib/avrxmega2/crtx16a4u.o
__vector_125                                      /usr/lib/gcc/avr/4.8.1/../../../avr/lib/avrxmega2/crtx16a4u.o
__vector_126                                      /usr/lib/gcc/avr/4.8.1/../../../avr/lib/avrxmega2/crtx16a4u.o
__vector_13                                       /usr/lib/gcc/avr/4.8.1/../../../avr/lib/avrxmega2/crtx16a4u.o
__vector_14                                       /usr/lib/gcc/avr/4.8.1/../../../avr/lib/avrxmega2/crtx16a4u.o
__vector_15                                       /usr/lib/gcc/avr/4.8.1/../../../avr/lib/avrxmega2/crtx16a4u.o
__vector_16                                       /usr/lib/gcc/avr/4.8.1/../../../avr/lib/avrxmega2/crtx16a4u.o
__vector_17                                       /usr/lib/gcc/avr/4.8.1/../../../avr/lib/avrxmega2/crtx16a4u.o
__vector_18                                       /usr/lib/gcc/avr/4.8.1/../../../avr/lib/avrxmega2/crtx16a4u.o
__vector_19                                       /usr/lib/gcc/avr/4.8.1/../../../avr/lib/avrxmega2/crtx16a4u.o
__vector_2                                        /usr/lib/gcc/avr/4.8.1/../../../avr/lib/avrxmega2/crtx16a4u.o
__vector_20                                       build/main.o
                                                  /usr/lib/gcc/avr/4.8.1/../../../avr/lib/avrxmega2/crtx16a4u.o
__vector_21                                       /usr/lib/gcc/avr/4.8.1/../../../avr/lib/avrxmega2/crtx16a4u.o
__vector_22                                       /usr/lib/gcc/avr/4.8.1/../../../avr/lib/avrxmega2/crtx16a4u.o
__vector_23                                       /usr/lib/gcc/avr/4.8.1/../../../avr/lib/avrxmega2/crtx16a4u.o
__vector_24                                       /usr/lib/gcc/avr/4.8.1/../../../avr/lib/avrxmega2/crtx16a4u.o
__vector_25                                       /usr/lib/gcc/avr/4.8.1/../../../avr/lib/avrxmega2/crtx16a4u.o
__vector_26                                       /usr/lib/gcc/avr/4.8.1/../../../avr/lib/avrxmega2/crtx16a4u.o
__vector_27                                       /usr/lib/gcc/avr/4.8.1/../../../avr/lib/avrxmega2/crtx16a4u.o
__vector_28                                       /usr/lib/gcc/avr/4.8.1/../../../avr/lib/avrxmega2/crtx16a4u.o
__vector_29                                       /usr/lib/gcc/avr/4.8.1/../../../avr/lib/avrxmega2/crtx16a4u.o
__vector_3                                        /usr/lib/gcc/avr/4.8.1/../../../avr/lib/avrxmega2/crtx16a4u.o
__vector_30                                       /usr/lib/gcc/avr/4.8.1/../../../avr/lib/avrxmega2/crtx16a4u.o
__vector_31                                       /usr/lib/gcc/avr/4.8.1/../../../avr/lib/avrxmega2/crtx16a4u.o
__vector_32                                       /usr/lib/gcc/avr/4.8.1/../../../avr/lib/avrxmega2/crtx16a4u.o
__vector_33                                       /usr/lib/gcc/avr/4.8.1/../../../avr/lib/avrxmega2/crtx16a4u.o
__vector_34                                       /usr/lib/gcc/avr/4.8.1/../../../avr/lib/avrxmega2/crtx16a4u.o
__vector_35                                       /usr/lib/gcc/avr/4.8.1/../../../avr/lib/avrxmega2/crtx16a4u.o
__vector_36                                       /usr/lib/gcc/avr/4.8.1/../../../avr/lib/avrxmega2/crtx16a4u.o
__vector_37                                       /usr/lib/gcc/avr/4.8.1/../../../avr/lib/avrxmega2/crtx16a4u.o
__vector_38                                       /usr/lib/gcc/avr/4.8.1/../../../avr/lib/avrxmega2/crtx16a4u.o
__vector_39                                       /usr/lib/gcc/avr/4.8.1/../../../avr/lib/avrxmega2/crtx16a4u.o
__vector_4                                        /usr/lib/gcc/avr/4.8.1/../../../avr/lib/avrxmega2/crtx16a4u.o
__vector_40                                       /usr/lib/gcc/avr/4.8.1/../../../avr/lib/avrxmega2/crtx16a4u.o
__vector_41                                       /usr/lib/gcc/avr/4.8.1/../../../avr/lib/avrxmega2/crtx16a4u.o
__vector_42                                       /usr/lib/gcc/avr/4.8.1/../../../avr/lib/avrxmega2/crtx16a4u.o
__vector_43                                       build/main.o
                                                  /usr/lib/gcc/avr/4.8.1/../../../avr/lib/avrxmega2/crtx16a4u.o
__vector_44                                       /usr/lib/gcc/avr/4.8.1/../../../avr/lib/avrxmega2/crtx16a4u.o
__vector_45                                       /usr/lib/gcc/avr/4.8.1/../../../avr/lib/avrxmega2/crtx16a4u.o
__vector_46                                       build/gpa_twi_xmega.o
                                                  /usr/lib/gcc/avr/4.8.1/../../../avr/lib/avrxmega2/crtx16a4u.o
__vector_47                                       build/main.o
                                                  /usr/lib/gcc/avr/4.8.1/../../../avr/lib/avrxmega2/crtx16a4u.o
__vector_48                                       /usr/lib/gcc/avr/4.8.1/../../../avr/lib/avrxmega2/crtx16a4u.o
__vector_49                                       /usr/lib/gcc/avr/4.8.1/../../../avr/lib/avrxmega2/crtx16a4u.o
__vector_5                                        /usr/lib/gcc/avr/4.8.1/../../../avr/lib/avrxmega2/crtx16a4u.o
__vector_50                                       /usr/lib/gcc/avr/4.8.1/../../../avr/lib/avrxmega2/crtx16a4u.o
__vector_51                                       /usr/lib/gcc/avr/4.8.1/../../../avr/lib/avrxmega2/crtx16a4u.o
__vector_52                                       /usr/lib/gcc/avr/4.8.1/../../../avr/lib/avrxmega2/crtx16a4u.o
__vector_53                                       /usr/lib/gcc/avr/4.8.1/../../../avr/lib/avrxmega2/crtx16a4u.o
__vector_54                                       /usr/lib/gcc/avr/4.8.1/../../../avr/lib/avrxmega2/crtx16a4u.o
__vector_55                                       /usr/lib/gcc/avr/4.8.1/../../../avr/lib/avrxmega2/crtx16a4u.o
__vector_56                                       /usr/lib/gcc/avr/4.8.1/../../../avr/lib/avrxmega2/crtx16a4u.o
__vector_57                                       /usr/lib/gcc/avr/4.8.1/../../../avr/lib/avrxmega2/crtx16a4u.o
__vector_58                                       /usr/lib/gcc/avr/4.8.1/../../../avr/lib/avrxmega2/crtx16a4u.o
__vector_59                                       /usr/lib/gcc/avr/4.8.1/../../../avr/lib/avrxmega2/crtx16a4u.o
__vector_6                                        /usr/lib/gcc/avr/4.8.1/../../../avr/lib/avrxmega2/crtx16a4u.o
__vector_60                                       /usr/lib/gcc/avr/4.8.1/../../../avr/lib/avrxmega2/crtx16a4u.o
__vector_61                                       /usr/lib/gcc/avr/4.8.1/../../../avr/lib/avrxmega2/crtx16a4u.o
__vector_62                                       /usr/lib/gcc/avr/4.8.1/../../../avr/lib/avrxmega2/crtx16a4u.o
__vector_63                                       /usr/lib/gcc/avr/4.8.1/../../../avr/lib/avrxmega2/crtx16a4u.o
__vector_64                                       /usr/lib/gcc/avr/4.8.1/../../../avr/lib/avrxmega2/crtx16a4u.o
__vector_65                                       /usr/lib/gcc/avr/4.8.1/../../../avr/lib/avrxmega2/crtx16a4u.o
__vector_66                                       /usr/lib/gcc/avr/4.8.1/../../../avr/lib/avrxmega2/crtx16a4u.o
__vector_67                                       /usr/lib/gcc/avr/4.8.1/../../../avr/lib/avrxmega2/crtx16a4u.o
__vector_68                                       build/gpa_sonar_stereo.o
                                                  /usr/lib/gcc/avr/4.8.1/../../../avr/lib/avrxmega2/crtx16a4u.o
__vector_69                                       build/gpa_sonar_stereo.o
                                                  /usr/lib/gcc/avr/4.8.1/../../../avr/lib/avrxmega2/crtx16a4u.o
__vector_7                                        /usr/lib/gcc/avr/4.8.1/../../../avr/lib/avrxmega2/crtx16a4u.o
__vector_70                                       /usr/lib/gcc/avr/4.8.1/../../../avr/lib/avrxmega2/crtx16a4u.o
__vector_71                                       /usr/lib/gcc/avr/4.8.1/../../../avr/lib/avrxmega2/crtx16a4u.o
__vector_72                                       /usr/lib/gcc/avr/4.8.1/../../../avr/lib/avrxmega2/crtx16a4u.o
__vector_73                                       /usr/lib/gcc/avr/4.8.1/../../../avr/lib/avrxmega2/crtx16a4u.o
__vector_74                                       build/main.o
                                                  /usr/lib/gcc/avr/4.8.1/../../../avr/lib/avrxmega2/crtx16a4u.o
__vector_75                                       /usr/lib/gcc/avr/4.8.1/../../../avr/lib/avrxmega2/crtx16a4u.o
__vector_76                                       /usr/lib/gcc/avr/4.8.1/../../../avr/lib/avrxmega2/crtx16a4u.o
__vector_77                                       build/gpa_sonar_stereo.o
                                                  /usr/lib/gcc/avr/4.8.1/../../../avr/lib/avrxmega2/crtx16a4u.o
__vector_78                                       /usr/lib/gcc/avr/4.8.1/../../../avr/lib/avrxmega2/crtx16a4u.o
__vector_79                                       build/gpa_sonar_stereo.o
                                                  /usr/lib/gcc/avr/4.8.1/../../../avr/lib/avrxmega2/crtx16a4u.o
__vector_8                                        /usr/lib/gcc/avr/4.8.1/../../../avr/lib/avrxmega2/crtx16a4u.o
__vector_80                                       /usr/lib/gcc/avr/4.8.1/../../../avr/lib/avrxmega2/crtx16a4u.o
__vector_81                                       /usr/lib/gcc/avr/4.8.1/../../../avr/lib/avrxmega2/crtx16a4u.o
__vector_82                                       /usr/lib/gcc/avr/4.8.1/../../../avr/lib/avrxmega2/crtx16a4u.o
__vector_83                                       /usr/lib/gcc/avr/4.8.1/../../../avr/lib/avrxmega2/crtx16a4u.o
__vector_84                                       /usr/lib/gcc/avr/4.8.1/../../../avr/lib/avrxmega2/crtx16a4u.o
__vector_85                                       /usr/lib/gcc/avr/4.8.1/../../../avr/lib/avrxmega2/crtx16a4u.o
__vector_86                                       /usr/lib/gcc/avr/4.8.1/../../../avr/lib/avrxmega2/crtx16a4u.o
__vector_87                                       /usr/lib/gcc/avr/4.8.1/../../../avr/lib/avrxmega2/crtx16a4u.o
__vector_88                                       /usr/lib/gcc/avr/4.8.1/../../../avr/lib/avrxmega2/crtx16a4u.o
__vector_89                                       /usr/lib/gcc/avr/4.8.1/../../../avr/lib/avrxmega2/crtx16a4u.o
__vector_9                                        /usr/lib/gcc/avr/4.8.1/../../../avr/lib/avrxmega2/crtx16a4u.o
__vector_90                                       /usr/lib/gcc/avr/4.8.1/../../../avr/lib/avrxmega2/crtx16a4u.o
__vector_91                                       /usr/lib/gcc/avr/4.8.1/../../../avr/lib/avrxmega2/crtx16a4u.o
__vector_92                                       /usr/lib/gcc/avr/4.8.1/../../../avr/lib/avrxmega2/crtx16a4u.o
__vector_93                                       /usr/lib/gcc/avr/4.8.1/../../../avr/lib/avrxmega2/crtx16a4u.o
__vector_94                                       /usr/lib/gcc/avr/4.8.1/../../../avr/lib/avrxmega2/crtx16a4u.o
__vector_95                                       /usr/lib/gcc/avr/4.8.1/../../../avr/lib/avrxmega2/crtx16a4u.o
__vector_96                                       /usr/lib/gcc/avr/4.8.1/../../../avr/lib/avrxmega2/crtx16a4u.o
__vector_97                                       /usr/lib/gcc/avr/4.8.1/../../../avr/lib/avrxmega2/crtx16a4u.o
__vector_98                                       /usr/lib/gcc/avr/4.8.1/../../../avr/lib/avrxmega2/crtx16a4u.o
__vector_99                                       /usr/lib/gcc/avr/4.8.1/../../../avr/lib/avrxmega2/crtx16a4u.o
__vector_default                                  /usr/lib/gcc/avr/4.8.1/../../../avr/lib/avrxmega2/crtx16a4u.o
__vectors                                         /usr/lib/gcc/avr/4.8.1/../../../avr/lib/avrxmega2/crtx16a4u.o
_exit                                             /usr/lib/gcc/avr/4.8.1/avrxmega2/libgcc.a(_exit.o)
adc_config                                        build/adc.o
adc_config_channel                                build/gpa_adc_freerun.o
                                                  build/main.o
adc_config_diff                                   build/adc.o
adc_init                                          build/adc.o
adc_init_freerun                                  build/gpa_adc_freerun.o
                                                  build/main.o
adc_offset                                        build/adc.o
adc_read                                          build/adc.o
adc_read_pin                                      build/adc.o
adc_start_freerun                                 build/gpa_adc_freerun.o
                                                  build/main.o
addr                                              build/gpa_twi_xmega.o
buffer                                            build/vl53l0x.o
ccw                                               build/main.o
cmd                                               build/gpa_rc5.o
cooldown                                          build/gpa_start.o
cos                                               /usr/lib/gcc/avr/4.8.1/../../../avr/lib/avrxmega2/libm.a(cos.o)
                                                  build/main.o
count                                             build/main.o
cstate                                            build/gpa_rc5.o
current                                           build/gpa_start.o
decodeTimeout                                     build/vl53l0x.o
edge                                              build/main.o
edges                                             build/main.o
eeprom_mapen                                      /usr/lib/gcc/avr/4.8.1/../../../avr/lib/avrxmega2/libc.a(eerd_byte_atxmega16a4u.o)
encodeTimeout                                     build/vl53l0x.o
exit                                              /usr/lib/gcc/avr/4.8.1/avrxmega2/libgcc.a(_exit.o)
                                                  /usr/lib/gcc/avr/4.8.1/../../../avr/lib/avrxmega2/crtx16a4u.o
i                                                 build/main.o
index                                             build/main.o
                                                  build/gpa_rc5.o
itoa                                              /usr/lib/gcc/avr/4.8.1/../../../avr/lib/avrxmega2/libc.a(itoa.o)
k                                                 build/main.o
ls                                                build/gpa_pca9553.o
main                                              build/main.o
                                                  /usr/lib/gcc/avr/4.8.1/../../../avr/lib/avrxmega2/crtx16a4u.o
motors_init                                       build/motors.o
motors_pwm                                        build/motors.o
motors_set                                        build/motors.o
pca9534_clr                                       build/gpa_pca9534.o
pca9534_dir                                       build/gpa_pca9534.o
                                                  build/main.o
pca9534_in                                        build/gpa_pca9534.o
pca9534_init                                      build/gpa_pca9534.o
                                                  build/main.o
pca9534_out                                       build/gpa_pca9534.o
                                                  build/main.o
pca9534_polarity                                  build/gpa_pca9534.o
pca9534_read_register                             build/gpa_pca9534.o
pca9534_reset                                     build/gpa_pca9534.o
pca9534_set                                       build/gpa_pca9534.o
pca9534_write_register                            build/gpa_pca9534.o
pca9553_init                                      build/gpa_pca9553.o
                                                  build/main.o
pca9553_input                                     build/gpa_pca9553.o
pca9553_pwm0                                      build/gpa_pca9553.o
                                                  build/main.o
pca9553_pwm1                                      build/gpa_pca9553.o
                                                  build/main.o
pca9553_reset                                     build/gpa_pca9553.o
pca9553_set                                       build/gpa_pca9553.o
                                                  build/main.o
pca9553_update                                    build/gpa_pca9553.o
                                                  build/main.o
pid_update                                        build/gpa_pid.o
psc0                                              build/gpa_pca9553.o
psc1                                              build/gpa_pca9553.o
pwm0                                              build/gpa_pca9553.o
pwm1                                              build/gpa_pca9553.o
rc5_init                                          build/gpa_rc5.o
                                                  build/main.o
rc5_on_recieve                                    build/main.o
                                                  build/gpa_rc5.o
rc5_on_recieve2                                   build/main.o
                                                  build/gpa_rc5.o
rc5_reset                                         build/gpa_rc5.o
                                                  build/main.o
rc5_update                                        build/gpa_rc5.o
                                                  build/main.o
ready                                             build/gpa_twi_xmega.o
rx1                                               build/gpa_sonar_stereo.o
rx2                                               build/gpa_sonar_stereo.o
rxbuf                                             build/gpa_twi_xmega.o
rxlen                                             build/gpa_twi_xmega.o
send                                              build/gpa_pca9553.o
                                                  build/gpa_pca9534.o
setClockTo32MHz                                   build/main.o
setup                                             build/main.o
sin                                               /usr/lib/gcc/avr/4.8.1/../../../avr/lib/avrxmega2/libm.a(sin.o)
                                                  build/main.o
sonar_enable_echo                                 build/gpa_sonar_stereo.o
sonar_gen_pulse                                   build/gpa_sonar_stereo.o
sonar_init                                        build/gpa_sonar_stereo.o
                                                  build/main.o
sonar_timed_out                                   build/gpa_sonar_stereo.o
sonar_trigger                                     build/gpa_sonar_stereo.o
                                                  build/main.o
sonar_valid                                       build/gpa_sonar_stereo.o
start_dohyo                                       build/gpa_start.o
                                                  build/main.o
start_get_saved                                   build/main.o
                                                  build/gpa_start.o
start_init                                        build/gpa_start.o
                                                  build/main.o
start_oncommand                                   build/gpa_start.o
                                                  build/main.o
start_set_saved                                   build/main.o
                                                  build/gpa_start.o
start_status                                      build/gpa_start.o
                                                  build/main.o
start_status_changed                              build/main.o
start_update                                      build/gpa_start.o
                                                  build/main.o
status                                            build/gpa_twi_xmega.o
strrev                                            /usr/lib/gcc/avr/4.8.1/../../../avr/lib/avrxmega2/libc.a(strrev.o)
                                                  /usr/lib/gcc/avr/4.8.1/../../../avr/lib/avrxmega2/libc.a(utoa_ncheck.o)
t                                                 build/main.o
t1                                                build/gpa_sonar_stereo.o
t2                                                build/gpa_sonar_stereo.o
task_init                                         build/task_os.o
task_timeout                                      build/task_os.o
task_update                                       build/task_os.o
tg                                                build/main.o
timeout                                           build/task_os.o
timeoutMclksToMicroseconds                        build/vl53l0x.o
timeoutMicrosecondsToMclks                        build/vl53l0x.o
twi_init                                          build/gpa_twi_xmega.o
                                                  build/main.o
twi_read                                          build/gpa_twi_xmega.o
twi_ready                                         build/gpa_twi_xmega.o
                                                  build/gpa_pca9553.o
                                                  build/gpa_pca9534.o
                                                  build/vl53l0x.o
twi_send                                          build/gpa_twi_xmega.o
                                                  build/gpa_pca9553.o
                                                  build/gpa_pca9534.o
                                                  build/vl53l0x.o
twi_send_read                                     build/gpa_twi_xmega.o
                                                  build/gpa_pca9553.o
                                                  build/gpa_pca9534.o
                                                  build/vl53l0x.o
twi_status                                        build/gpa_twi_xmega.o
txbuf                                             build/gpa_twi_xmega.o
txlen                                             build/gpa_twi_xmega.o
update                                            build/main.o
usart_init                                        build/main.o
usart_int                                         build/main.o
usart_send                                        build/main.o
vl53l0x_data_init                                 build/vl53l0x.o
                                                  build/main.o
vl53l0x_get_sequence_enables                      build/vl53l0x.o
vl53l0x_get_sequence_timeouts                     build/vl53l0x.o
vl53l0x_get_spadinfo                              build/vl53l0x.o
vl53l0x_get_timing_budget                         build/vl53l0x.o
vl53l0x_get_vcsel                                 build/vl53l0x.o
vl53l0x_read_dword                                build/vl53l0x.o
vl53l0x_read_multi                                build/vl53l0x.o
vl53l0x_read_register                             build/vl53l0x.o
vl53l0x_read_word                                 build/vl53l0x.o
vl53l0x_set_addr                                  build/vl53l0x.o
                                                  build/main.o
vl53l0x_set_gpio                                  build/vl53l0x.o
vl53l0x_set_refspad                               build/vl53l0x.o
vl53l0x_set_signalratelimit                       build/vl53l0x.o
vl53l0x_set_timing_budget                         build/vl53l0x.o
vl53l0x_set_vcsel                                 build/vl53l0x.o
vl53l0x_single_refcal                             build/vl53l0x.o
vl53l0x_static_init                               build/vl53l0x.o
                                                  build/main.o
vl53l0x_tune                                      build/vl53l0x.o
vl53l0x_write_dword                               build/vl53l0x.o
vl53l0x_write_multi                               build/vl53l0x.o
vl53l0x_write_register                            build/vl53l0x.o
vl53l0x_write_word                                build/vl53l0x.o
